Starting 1024³ turbulence simulation at Fri Dec 19 10:13:47 EST 2025
Running in directory: /mnt/ceph/users/ptarancon/runs/turb_1024_run_20251219_101347
Running on 1 H100 GPU
Automatic cleanup enabled: keeping last 10 snapshots

Root grid = 4 x 4 x 4 MeshBlocks
Total number of MeshBlocks = 64
Number of logical  levels of refinement = 2 (3 levels total)
Number of physical levels of refinement = 0 (1 levels total)
Number of parallel ranks = 4
  Rank = 0: 16 MeshBlocks, cost = 16
  Rank = 1: 16 MeshBlocks, cost = 16
  Rank = 2: 16 MeshBlocks, cost = 16
  Rank = 3: 16 MeshBlocks, cost = 16
Load Balancing:
  Maximum normalized cost = 1, Average = 1

Setup complete, executing task list(s)...

elapsed=2.189338e+01 cycle=0 time=0.000000e+00 dt=5.859375e-05
elapsed=2.336503e+01 cycle=1 time=5.859375e-05 dt=5.859372e-05
elapsed=2.444240e+01 cycle=2 time=1.171875e-04 dt=5.859366e-05
elapsed=2.546451e+01 cycle=3 time=1.757811e-04 dt=5.859357e-05
elapsed=2.643910e+01 cycle=4 time=2.343747e-04 dt=5.859345e-05
elapsed=2.742091e+01 cycle=5 time=2.929681e-04 dt=5.859334e-05
elapsed=2.838388e+01 cycle=6 time=3.515615e-04 dt=5.859326e-05
elapsed=2.934913e+01 cycle=7 time=4.101547e-04 dt=5.859320e-05
elapsed=3.030158e+01 cycle=8 time=4.687479e-04 dt=5.859310e-05
elapsed=3.129721e+01 cycle=9 time=5.273410e-04 dt=5.859297e-05
elapsed=3.225436e+01 cycle=10 time=5.859340e-04 dt=5.859284e-05
elapsed=3.320361e+01 cycle=11 time=6.445269e-04 dt=5.859272e-05
elapsed=3.415691e+01 cycle=12 time=7.031196e-04 dt=5.859257e-05
elapsed=3.512369e+01 cycle=13 time=7.617121e-04 dt=5.859239e-05
elapsed=3.607688e+01 cycle=14 time=8.203045e-04 dt=5.859221e-05
elapsed=3.702683e+01 cycle=15 time=8.788967e-04 dt=5.859201e-05
elapsed=3.798131e+01 cycle=16 time=9.374888e-04 dt=5.859182e-05
elapsed=3.896091e+01 cycle=17 time=9.960806e-04 dt=5.859162e-05
elapsed=3.992526e+01 cycle=18 time=1.054672e-03 dt=5.859142e-05
elapsed=4.102565e+01 cycle=19 time=1.113264e-03 dt=5.859123e-05
elapsed=4.200803e+01 cycle=20 time=1.171855e-03 dt=5.859105e-05
elapsed=4.296063e+01 cycle=21 time=1.230446e-03 dt=5.859088e-05
elapsed=4.390862e+01 cycle=22 time=1.289037e-03 dt=5.859065e-05
elapsed=4.487558e+01 cycle=23 time=1.347627e-03 dt=5.859040e-05
elapsed=4.583544e+01 cycle=24 time=1.406218e-03 dt=5.859014e-05
elapsed=4.681891e+01 cycle=25 time=1.464808e-03 dt=5.858988e-05
elapsed=4.776926e+01 cycle=26 time=1.523398e-03 dt=5.858962e-05
elapsed=4.873407e+01 cycle=27 time=1.581987e-03 dt=5.858936e-05
elapsed=4.968562e+01 cycle=28 time=1.640577e-03 dt=5.858911e-05
elapsed=5.063642e+01 cycle=29 time=1.699166e-03 dt=5.858886e-05
elapsed=5.158391e+01 cycle=30 time=1.757755e-03 dt=5.858862e-05
elapsed=5.254334e+01 cycle=31 time=1.816343e-03 dt=5.858839e-05
elapsed=5.349440e+01 cycle=32 time=1.874932e-03 dt=5.858815e-05
elapsed=5.449541e+01 cycle=33 time=1.933520e-03 dt=5.858790e-05
elapsed=5.544862e+01 cycle=34 time=1.992108e-03 dt=5.858767e-05
elapsed=5.639845e+01 cycle=35 time=2.050696e-03 dt=5.858746e-05
elapsed=5.734932e+01 cycle=36 time=2.109283e-03 dt=5.858726e-05
elapsed=5.830198e+01 cycle=37 time=2.167870e-03 dt=5.858706e-05
elapsed=5.925021e+01 cycle=38 time=2.226457e-03 dt=5.858685e-05
elapsed=6.020587e+01 cycle=39 time=2.285044e-03 dt=5.858662e-05
elapsed=6.115603e+01 cycle=40 time=2.343631e-03 dt=5.858638e-05
elapsed=6.211946e+01 cycle=41 time=2.402217e-03 dt=5.858614e-05
elapsed=6.308952e+01 cycle=42 time=2.460803e-03 dt=5.858589e-05
elapsed=6.405572e+01 cycle=43 time=2.519389e-03 dt=5.858563e-05
elapsed=6.500419e+01 cycle=44 time=2.577975e-03 dt=5.858536e-05
elapsed=6.595852e+01 cycle=45 time=2.636560e-03 dt=5.858507e-05
elapsed=6.690824e+01 cycle=46 time=2.695145e-03 dt=5.858477e-05
elapsed=6.786118e+01 cycle=47 time=2.753730e-03 dt=5.858444e-05
elapsed=6.882186e+01 cycle=48 time=2.812314e-03 dt=5.858411e-05
elapsed=6.976857e+01 cycle=49 time=2.870899e-03 dt=5.858380e-05
elapsed=7.071671e+01 cycle=50 time=2.929482e-03 dt=5.858348e-05
elapsed=7.172824e+01 cycle=51 time=2.988066e-03 dt=5.858315e-05
elapsed=7.268972e+01 cycle=52 time=3.046649e-03 dt=5.858281e-05
elapsed=7.378868e+01 cycle=53 time=3.105232e-03 dt=5.858248e-05
elapsed=7.473718e+01 cycle=54 time=3.163814e-03 dt=5.858216e-05
elapsed=7.569138e+01 cycle=55 time=3.222396e-03 dt=5.858184e-05
elapsed=7.664352e+01 cycle=56 time=3.280978e-03 dt=5.858152e-05
elapsed=7.759260e+01 cycle=57 time=3.339560e-03 dt=5.858119e-05
elapsed=7.853824e+01 cycle=58 time=3.398141e-03 dt=5.858087e-05
elapsed=7.948862e+01 cycle=59 time=3.456722e-03 dt=5.858055e-05
elapsed=8.044126e+01 cycle=60 time=3.515302e-03 dt=5.858024e-05
elapsed=8.138916e+01 cycle=61 time=3.573883e-03 dt=5.857995e-05
elapsed=8.235366e+01 cycle=62 time=3.632463e-03 dt=5.857965e-05
elapsed=8.331058e+01 cycle=63 time=3.691042e-03 dt=5.857929e-05
elapsed=8.426660e+01 cycle=64 time=3.749622e-03 dt=5.857889e-05
elapsed=8.521542e+01 cycle=65 time=3.808200e-03 dt=5.857849e-05
elapsed=8.616427e+01 cycle=66 time=3.866779e-03 dt=5.857810e-05
elapsed=8.711530e+01 cycle=67 time=3.925357e-03 dt=5.857771e-05
elapsed=8.806389e+01 cycle=68 time=3.983935e-03 dt=5.857732e-05
elapsed=8.902501e+01 cycle=69 time=4.042512e-03 dt=5.857692e-05
elapsed=8.997692e+01 cycle=70 time=4.101089e-03 dt=5.857652e-05
elapsed=9.092623e+01 cycle=71 time=4.159665e-03 dt=5.857610e-05
elapsed=9.187478e+01 cycle=72 time=4.218242e-03 dt=5.857568e-05
elapsed=9.282987e+01 cycle=73 time=4.276817e-03 dt=5.857525e-05
elapsed=9.380567e+01 cycle=74 time=4.335393e-03 dt=5.857481e-05
elapsed=9.475377e+01 cycle=75 time=4.393967e-03 dt=5.857436e-05
elapsed=9.570297e+01 cycle=76 time=4.452542e-03 dt=5.857391e-05
elapsed=9.665187e+01 cycle=77 time=4.511116e-03 dt=5.857348e-05
elapsed=9.760327e+01 cycle=78 time=4.569689e-03 dt=5.857306e-05
elapsed=9.857628e+01 cycle=79 time=4.628262e-03 dt=5.857264e-05
elapsed=9.952624e+01 cycle=80 time=4.686835e-03 dt=5.857221e-05
elapsed=1.004909e+02 cycle=81 time=4.745407e-03 dt=5.857179e-05
elapsed=1.014590e+02 cycle=82 time=4.803979e-03 dt=5.857137e-05
elapsed=1.024182e+02 cycle=83 time=4.862550e-03 dt=5.857095e-05
elapsed=1.033659e+02 cycle=84 time=4.921121e-03 dt=5.857053e-05
elapsed=1.043126e+02 cycle=85 time=4.979692e-03 dt=5.857012e-05
elapsed=1.052700e+02 cycle=86 time=5.038262e-03 dt=5.856970e-05
elapsed=1.062169e+02 cycle=87 time=5.096831e-03 dt=5.856927e-05
elapsed=1.071641e+02 cycle=88 time=5.155401e-03 dt=5.856885e-05
elapsed=1.081271e+02 cycle=89 time=5.213970e-03 dt=5.856845e-05
elapsed=1.090998e+02 cycle=90 time=5.272538e-03 dt=5.856805e-05
elapsed=1.100469e+02 cycle=91 time=5.331106e-03 dt=5.856765e-05
elapsed=1.110197e+02 cycle=92 time=5.389674e-03 dt=5.856726e-05
elapsed=1.119687e+02 cycle=93 time=5.448241e-03 dt=5.856687e-05
elapsed=1.129236e+02 cycle=94 time=5.506808e-03 dt=5.856647e-05
elapsed=1.138722e+02 cycle=95 time=5.565374e-03 dt=5.856606e-05
elapsed=1.148203e+02 cycle=96 time=5.623940e-03 dt=5.856565e-05
elapsed=1.157689e+02 cycle=97 time=5.682506e-03 dt=5.856523e-05
elapsed=1.167171e+02 cycle=98 time=5.741071e-03 dt=5.856482e-05
elapsed=1.176642e+02 cycle=99 time=5.799636e-03 dt=5.856441e-05
elapsed=1.186146e+02 cycle=100 time=5.858200e-03 dt=5.856403e-05
elapsed=1.195629e+02 cycle=101 time=5.916765e-03 dt=5.856366e-05
elapsed=1.205102e+02 cycle=102 time=5.975328e-03 dt=5.856329e-05
elapsed=1.214599e+02 cycle=103 time=6.033891e-03 dt=5.856292e-05
elapsed=1.224073e+02 cycle=104 time=6.092454e-03 dt=5.856254e-05
elapsed=1.233560e+02 cycle=105 time=6.151017e-03 dt=5.856217e-05
elapsed=1.243406e+02 cycle=106 time=6.209579e-03 dt=5.856179e-05
elapsed=1.253117e+02 cycle=107 time=6.268141e-03 dt=5.856140e-05
elapsed=1.262589e+02 cycle=108 time=6.326702e-03 dt=5.856102e-05
elapsed=1.272206e+02 cycle=109 time=6.385263e-03 dt=5.856063e-05
elapsed=1.281683e+02 cycle=110 time=6.443824e-03 dt=5.856025e-05
elapsed=1.291179e+02 cycle=111 time=6.502384e-03 dt=5.855985e-05
elapsed=1.300646e+02 cycle=112 time=6.560944e-03 dt=5.855945e-05
elapsed=1.310129e+02 cycle=113 time=6.619503e-03 dt=5.855904e-05
elapsed=1.319717e+02 cycle=114 time=6.678063e-03 dt=5.855862e-05
elapsed=1.329210e+02 cycle=115 time=6.736621e-03 dt=5.855822e-05
elapsed=1.338879e+02 cycle=116 time=6.795179e-03 dt=5.855783e-05
elapsed=1.348364e+02 cycle=117 time=6.853737e-03 dt=5.855746e-05
elapsed=1.357840e+02 cycle=118 time=6.912295e-03 dt=5.855709e-05
elapsed=1.367439e+02 cycle=119 time=6.970852e-03 dt=5.855671e-05
elapsed=1.377091e+02 cycle=120 time=7.029408e-03 dt=5.855633e-05
elapsed=1.386578e+02 cycle=121 time=7.087965e-03 dt=5.855596e-05
elapsed=1.396062e+02 cycle=122 time=7.146521e-03 dt=5.855559e-05
elapsed=1.405711e+02 cycle=123 time=7.205076e-03 dt=5.855521e-05
elapsed=1.415373e+02 cycle=124 time=7.263632e-03 dt=5.855484e-05
elapsed=1.424860e+02 cycle=125 time=7.322186e-03 dt=5.855447e-05
elapsed=1.434329e+02 cycle=126 time=7.380741e-03 dt=5.855410e-05
elapsed=1.445287e+02 cycle=127 time=7.439295e-03 dt=5.855372e-05
elapsed=1.454907e+02 cycle=128 time=7.497849e-03 dt=5.855334e-05
elapsed=1.464382e+02 cycle=129 time=7.556402e-03 dt=5.855295e-05
elapsed=1.474002e+02 cycle=130 time=7.614955e-03 dt=5.855256e-05
elapsed=1.483488e+02 cycle=131 time=7.673508e-03 dt=5.855218e-05
elapsed=1.492958e+02 cycle=132 time=7.732060e-03 dt=5.855181e-05
elapsed=1.502436e+02 cycle=133 time=7.790611e-03 dt=5.855143e-05
elapsed=1.511894e+02 cycle=134 time=7.849163e-03 dt=5.855105e-05
elapsed=1.521534e+02 cycle=135 time=7.907714e-03 dt=5.855068e-05
elapsed=1.531030e+02 cycle=136 time=7.966265e-03 dt=5.855031e-05
elapsed=1.540523e+02 cycle=137 time=8.024815e-03 dt=5.854994e-05
elapsed=1.550016e+02 cycle=138 time=8.083365e-03 dt=5.854958e-05
elapsed=1.559483e+02 cycle=139 time=8.141914e-03 dt=5.854922e-05
elapsed=1.568975e+02 cycle=140 time=8.200464e-03 dt=5.854887e-05
elapsed=1.578476e+02 cycle=141 time=8.259013e-03 dt=5.854851e-05
elapsed=1.588124e+02 cycle=142 time=8.317561e-03 dt=5.854815e-05
elapsed=1.597587e+02 cycle=143 time=8.376109e-03 dt=5.854781e-05
elapsed=1.607078e+02 cycle=144 time=8.434657e-03 dt=5.854747e-05
elapsed=1.616547e+02 cycle=145 time=8.493205e-03 dt=5.854711e-05
elapsed=1.626026e+02 cycle=146 time=8.551752e-03 dt=5.854674e-05
elapsed=1.635504e+02 cycle=147 time=8.610298e-03 dt=5.854637e-05
elapsed=1.644963e+02 cycle=148 time=8.668845e-03 dt=5.854601e-05
elapsed=1.654450e+02 cycle=149 time=8.727391e-03 dt=5.854566e-05
elapsed=1.663931e+02 cycle=150 time=8.785936e-03 dt=5.854531e-05
elapsed=1.673423e+02 cycle=151 time=8.844482e-03 dt=5.854495e-05
elapsed=1.682905e+02 cycle=152 time=8.903027e-03 dt=5.854460e-05
elapsed=1.692404e+02 cycle=153 time=8.961571e-03 dt=5.854425e-05
elapsed=1.702005e+02 cycle=154 time=9.020116e-03 dt=5.854391e-05
elapsed=1.711497e+02 cycle=155 time=9.078659e-03 dt=5.854356e-05
elapsed=1.720985e+02 cycle=156 time=9.137203e-03 dt=5.854323e-05
elapsed=1.730465e+02 cycle=157 time=9.195746e-03 dt=5.854292e-05
elapsed=1.740077e+02 cycle=158 time=9.254289e-03 dt=5.854262e-05
elapsed=1.749567e+02 cycle=159 time=9.312832e-03 dt=5.854234e-05
elapsed=1.759216e+02 cycle=160 time=9.371374e-03 dt=5.854207e-05
elapsed=1.768686e+02 cycle=161 time=9.429916e-03 dt=5.854181e-05
elapsed=1.778163e+02 cycle=162 time=9.488458e-03 dt=5.854154e-05
elapsed=1.787649e+02 cycle=163 time=9.546999e-03 dt=5.854128e-05
elapsed=1.797123e+02 cycle=164 time=9.605541e-03 dt=5.854101e-05
elapsed=1.806599e+02 cycle=165 time=9.664082e-03 dt=5.854074e-05
elapsed=1.816072e+02 cycle=166 time=9.722623e-03 dt=5.854048e-05
elapsed=1.825544e+02 cycle=167 time=9.781163e-03 dt=5.854021e-05
elapsed=1.835013e+02 cycle=168 time=9.839703e-03 dt=5.853995e-05
elapsed=1.844496e+02 cycle=169 time=9.898243e-03 dt=5.853969e-05
elapsed=1.853980e+02 cycle=170 time=9.956783e-03 dt=5.853944e-05
elapsed=2.066856e+02 cycle=171 time=1.001532e-02 dt=5.853921e-05
elapsed=2.076336e+02 cycle=172 time=1.007386e-02 dt=5.853899e-05
elapsed=2.085828e+02 cycle=173 time=1.013240e-02 dt=5.853877e-05
elapsed=2.095318e+02 cycle=174 time=1.019094e-02 dt=5.853856e-05
elapsed=2.104797e+02 cycle=175 time=1.024948e-02 dt=5.853834e-05
elapsed=2.114282e+02 cycle=176 time=1.030802e-02 dt=5.853807e-05
elapsed=2.123740e+02 cycle=177 time=1.036655e-02 dt=5.853770e-05
elapsed=2.133226e+02 cycle=178 time=1.042509e-02 dt=5.853734e-05
elapsed=2.142706e+02 cycle=179 time=1.048363e-02 dt=5.853698e-05
elapsed=2.152369e+02 cycle=180 time=1.054217e-02 dt=5.853661e-05
elapsed=2.161859e+02 cycle=181 time=1.060070e-02 dt=5.853624e-05
elapsed=2.171339e+02 cycle=182 time=1.065924e-02 dt=5.853586e-05
elapsed=2.180809e+02 cycle=183 time=1.071777e-02 dt=5.853551e-05
elapsed=2.190459e+02 cycle=184 time=1.077631e-02 dt=5.853517e-05
elapsed=2.199937e+02 cycle=185 time=1.083485e-02 dt=5.853482e-05
elapsed=2.209439e+02 cycle=186 time=1.089338e-02 dt=5.853448e-05
elapsed=2.219076e+02 cycle=187 time=1.095191e-02 dt=5.853412e-05
elapsed=2.228770e+02 cycle=188 time=1.101045e-02 dt=5.853375e-05
elapsed=2.239668e+02 cycle=189 time=1.106898e-02 dt=5.853338e-05
elapsed=2.249144e+02 cycle=190 time=1.112752e-02 dt=5.853300e-05
elapsed=2.258870e+02 cycle=191 time=1.118605e-02 dt=5.853262e-05
elapsed=2.268344e+02 cycle=192 time=1.124458e-02 dt=5.853225e-05
elapsed=2.277818e+02 cycle=193 time=1.130311e-02 dt=5.853188e-05
elapsed=2.287300e+02 cycle=194 time=1.136165e-02 dt=5.853151e-05
elapsed=2.296778e+02 cycle=195 time=1.142018e-02 dt=5.853114e-05
elapsed=2.306256e+02 cycle=196 time=1.147871e-02 dt=5.853077e-05
elapsed=2.315741e+02 cycle=197 time=1.153724e-02 dt=5.853039e-05
elapsed=2.325528e+02 cycle=198 time=1.159577e-02 dt=5.853002e-05
elapsed=2.335032e+02 cycle=199 time=1.165430e-02 dt=5.852962e-05
elapsed=2.344497e+02 cycle=200 time=1.171283e-02 dt=5.852922e-05
elapsed=2.353984e+02 cycle=201 time=1.177136e-02 dt=5.852882e-05
elapsed=2.363445e+02 cycle=202 time=1.182989e-02 dt=5.852843e-05
elapsed=2.372933e+02 cycle=203 time=1.188842e-02 dt=5.852806e-05
elapsed=2.382429e+02 cycle=204 time=1.194694e-02 dt=5.852769e-05
elapsed=2.391903e+02 cycle=205 time=1.200547e-02 dt=5.852732e-05
elapsed=2.401572e+02 cycle=206 time=1.206400e-02 dt=5.852694e-05
elapsed=2.411067e+02 cycle=207 time=1.212253e-02 dt=5.852657e-05
elapsed=2.420523e+02 cycle=208 time=1.218105e-02 dt=5.852618e-05
elapsed=2.430124e+02 cycle=209 time=1.223958e-02 dt=5.852580e-05
elapsed=2.439813e+02 cycle=210 time=1.229810e-02 dt=5.852543e-05
elapsed=2.449293e+02 cycle=211 time=1.235663e-02 dt=5.852507e-05
elapsed=2.458787e+02 cycle=212 time=1.241515e-02 dt=5.852472e-05
elapsed=2.468262e+02 cycle=213 time=1.247368e-02 dt=5.852437e-05
elapsed=2.477769e+02 cycle=214 time=1.253220e-02 dt=5.852401e-05
elapsed=2.487249e+02 cycle=215 time=1.259073e-02 dt=5.852364e-05
elapsed=2.496725e+02 cycle=216 time=1.264925e-02 dt=5.852327e-05
elapsed=2.506206e+02 cycle=217 time=1.270777e-02 dt=5.852290e-05
elapsed=2.515811e+02 cycle=218 time=1.276630e-02 dt=5.852251e-05
elapsed=2.525285e+02 cycle=219 time=1.282482e-02 dt=5.852213e-05
elapsed=2.534756e+02 cycle=220 time=1.288334e-02 dt=5.852174e-05
elapsed=2.544218e+02 cycle=221 time=1.294186e-02 dt=5.852136e-05
elapsed=2.553693e+02 cycle=222 time=1.300039e-02 dt=5.852098e-05
elapsed=2.563193e+02 cycle=223 time=1.305891e-02 dt=5.852060e-05
elapsed=2.572812e+02 cycle=224 time=1.311743e-02 dt=5.852022e-05
elapsed=2.582301e+02 cycle=225 time=1.317595e-02 dt=5.851984e-05
elapsed=2.591770e+02 cycle=226 time=1.323447e-02 dt=5.851945e-05
elapsed=2.601378e+02 cycle=227 time=1.329299e-02 dt=5.851906e-05
elapsed=2.610861e+02 cycle=228 time=1.335151e-02 dt=5.851867e-05
elapsed=2.620344e+02 cycle=229 time=1.341002e-02 dt=5.851827e-05
elapsed=2.629807e+02 cycle=230 time=1.346854e-02 dt=5.851787e-05
elapsed=2.639460e+02 cycle=231 time=1.352706e-02 dt=5.851747e-05
elapsed=2.648949e+02 cycle=232 time=1.358558e-02 dt=5.851707e-05
elapsed=2.658422e+02 cycle=233 time=1.364410e-02 dt=5.851668e-05
elapsed=2.667901e+02 cycle=234 time=1.370261e-02 dt=5.851630e-05
elapsed=2.677383e+02 cycle=235 time=1.376113e-02 dt=5.851593e-05
elapsed=2.686874e+02 cycle=236 time=1.381964e-02 dt=5.851558e-05
elapsed=2.696333e+02 cycle=237 time=1.387816e-02 dt=5.851523e-05
elapsed=2.705829e+02 cycle=238 time=1.393667e-02 dt=5.851489e-05
elapsed=2.715330e+02 cycle=239 time=1.399519e-02 dt=5.851455e-05
elapsed=2.724821e+02 cycle=240 time=1.405370e-02 dt=5.851422e-05
elapsed=2.734298e+02 cycle=241 time=1.411222e-02 dt=5.851390e-05
elapsed=2.743788e+02 cycle=242 time=1.417073e-02 dt=5.851359e-05
elapsed=2.753280e+02 cycle=243 time=1.422925e-02 dt=5.851327e-05
elapsed=2.762768e+02 cycle=244 time=1.428776e-02 dt=5.851297e-05
elapsed=2.772408e+02 cycle=245 time=1.434627e-02 dt=5.851266e-05
elapsed=2.781873e+02 cycle=246 time=1.440478e-02 dt=5.851235e-05
elapsed=2.791352e+02 cycle=247 time=1.446330e-02 dt=5.851204e-05
elapsed=2.800825e+02 cycle=248 time=1.452181e-02 dt=5.851172e-05
elapsed=2.810299e+02 cycle=249 time=1.458032e-02 dt=5.851139e-05
elapsed=2.821231e+02 cycle=250 time=1.463883e-02 dt=5.851108e-05
elapsed=2.830719e+02 cycle=251 time=1.469734e-02 dt=5.851076e-05
elapsed=2.840216e+02 cycle=252 time=1.475585e-02 dt=5.851046e-05
elapsed=2.849694e+02 cycle=253 time=1.481436e-02 dt=5.851015e-05
elapsed=2.859161e+02 cycle=254 time=1.487287e-02 dt=5.850984e-05
elapsed=2.868643e+02 cycle=255 time=1.493138e-02 dt=5.850953e-05
elapsed=2.878299e+02 cycle=256 time=1.498989e-02 dt=5.850919e-05
elapsed=2.887784e+02 cycle=257 time=1.504840e-02 dt=5.850885e-05
elapsed=2.897446e+02 cycle=258 time=1.510691e-02 dt=5.850852e-05
elapsed=2.907111e+02 cycle=259 time=1.516542e-02 dt=5.850820e-05
elapsed=2.916574e+02 cycle=260 time=1.522393e-02 dt=5.850788e-05
elapsed=2.926054e+02 cycle=261 time=1.528244e-02 dt=5.850754e-05
elapsed=2.935526e+02 cycle=262 time=1.534094e-02 dt=5.850720e-05
elapsed=2.945000e+02 cycle=263 time=1.539945e-02 dt=5.850687e-05
elapsed=2.954472e+02 cycle=264 time=1.545796e-02 dt=5.850654e-05
elapsed=2.963950e+02 cycle=265 time=1.551646e-02 dt=5.850622e-05
elapsed=2.973448e+02 cycle=266 time=1.557497e-02 dt=5.850589e-05
elapsed=2.983055e+02 cycle=267 time=1.563348e-02 dt=5.850557e-05
elapsed=2.992561e+02 cycle=268 time=1.569198e-02 dt=5.850525e-05
elapsed=3.002163e+02 cycle=269 time=1.575049e-02 dt=5.850492e-05
elapsed=3.011636e+02 cycle=270 time=1.580899e-02 dt=5.850458e-05
elapsed=3.021127e+02 cycle=271 time=1.586750e-02 dt=5.850425e-05
elapsed=3.030617e+02 cycle=272 time=1.592600e-02 dt=5.850391e-05
elapsed=3.040105e+02 cycle=273 time=1.598451e-02 dt=5.850358e-05
elapsed=3.049574e+02 cycle=274 time=1.604301e-02 dt=5.850324e-05
elapsed=3.059031e+02 cycle=275 time=1.610151e-02 dt=5.850288e-05
elapsed=3.068522e+02 cycle=276 time=1.616002e-02 dt=5.850253e-05
elapsed=3.078000e+02 cycle=277 time=1.621852e-02 dt=5.850217e-05
elapsed=3.087469e+02 cycle=278 time=1.627702e-02 dt=5.850181e-05
elapsed=3.096958e+02 cycle=279 time=1.633552e-02 dt=5.850144e-05
elapsed=3.106437e+02 cycle=280 time=1.639402e-02 dt=5.850107e-05
elapsed=3.116035e+02 cycle=281 time=1.645252e-02 dt=5.850072e-05
elapsed=3.125532e+02 cycle=282 time=1.651102e-02 dt=5.850039e-05
elapsed=3.135000e+02 cycle=283 time=1.656953e-02 dt=5.850005e-05
elapsed=3.144473e+02 cycle=284 time=1.662803e-02 dt=5.849972e-05
elapsed=3.153963e+02 cycle=285 time=1.668653e-02 dt=5.849939e-05
elapsed=3.163437e+02 cycle=286 time=1.674502e-02 dt=5.849905e-05
elapsed=3.172889e+02 cycle=287 time=1.680352e-02 dt=5.849871e-05
elapsed=3.182396e+02 cycle=288 time=1.686202e-02 dt=5.849836e-05
elapsed=3.191985e+02 cycle=289 time=1.692052e-02 dt=5.849802e-05
elapsed=3.201450e+02 cycle=290 time=1.697902e-02 dt=5.849767e-05
elapsed=3.210939e+02 cycle=291 time=1.703752e-02 dt=5.849732e-05
elapsed=3.220405e+02 cycle=292 time=1.709601e-02 dt=5.849697e-05
elapsed=3.229867e+02 cycle=293 time=1.715451e-02 dt=5.849662e-05
elapsed=3.239333e+02 cycle=294 time=1.721301e-02 dt=5.849627e-05
elapsed=3.248979e+02 cycle=295 time=1.727150e-02 dt=5.849593e-05
elapsed=3.258464e+02 cycle=296 time=1.733000e-02 dt=5.849556e-05
elapsed=3.267936e+02 cycle=297 time=1.738849e-02 dt=5.849519e-05
elapsed=3.277403e+02 cycle=298 time=1.744699e-02 dt=5.849483e-05
elapsed=3.286870e+02 cycle=299 time=1.750548e-02 dt=5.849449e-05
elapsed=3.296345e+02 cycle=300 time=1.756398e-02 dt=5.849416e-05
elapsed=3.305982e+02 cycle=301 time=1.762247e-02 dt=5.849386e-05
elapsed=3.315445e+02 cycle=302 time=1.768097e-02 dt=5.849356e-05
elapsed=3.324904e+02 cycle=303 time=1.773946e-02 dt=5.849327e-05
elapsed=3.334357e+02 cycle=304 time=1.779795e-02 dt=5.849298e-05
elapsed=3.343848e+02 cycle=305 time=1.785645e-02 dt=5.849268e-05
elapsed=3.353328e+02 cycle=306 time=1.791494e-02 dt=5.849238e-05
elapsed=3.362825e+02 cycle=307 time=1.797343e-02 dt=5.849208e-05
elapsed=3.372331e+02 cycle=308 time=1.803192e-02 dt=5.849178e-05
elapsed=3.381815e+02 cycle=309 time=1.809042e-02 dt=5.849148e-05
elapsed=3.391407e+02 cycle=310 time=1.814891e-02 dt=5.849118e-05
elapsed=3.400889e+02 cycle=311 time=1.820740e-02 dt=5.849088e-05
elapsed=3.410358e+02 cycle=312 time=1.826589e-02 dt=5.849061e-05
elapsed=3.419834e+02 cycle=313 time=1.832438e-02 dt=5.849036e-05
elapsed=3.429307e+02 cycle=314 time=1.838287e-02 dt=5.849011e-05
elapsed=3.438790e+02 cycle=315 time=1.844136e-02 dt=5.848987e-05
elapsed=3.448283e+02 cycle=316 time=1.849985e-02 dt=5.848964e-05
elapsed=3.457753e+02 cycle=317 time=1.855834e-02 dt=5.848940e-05
elapsed=3.467232e+02 cycle=318 time=1.861683e-02 dt=5.848919e-05
elapsed=3.476693e+02 cycle=319 time=1.867532e-02 dt=5.848899e-05
elapsed=3.486180e+02 cycle=320 time=1.873381e-02 dt=5.848880e-05
elapsed=3.495673e+02 cycle=321 time=1.879230e-02 dt=5.848860e-05
elapsed=3.505160e+02 cycle=322 time=1.885079e-02 dt=5.848842e-05
elapsed=3.514631e+02 cycle=323 time=1.890927e-02 dt=5.848824e-05
elapsed=3.524139e+02 cycle=324 time=1.896776e-02 dt=5.848806e-05
elapsed=3.533614e+02 cycle=325 time=1.902625e-02 dt=5.848788e-05
elapsed=3.543219e+02 cycle=326 time=1.908474e-02 dt=5.848772e-05
elapsed=3.552815e+02 cycle=327 time=1.914323e-02 dt=5.848755e-05
elapsed=3.562277e+02 cycle=328 time=1.920171e-02 dt=5.848737e-05
elapsed=3.571945e+02 cycle=329 time=1.926020e-02 dt=5.848719e-05
elapsed=3.581604e+02 cycle=330 time=1.931869e-02 dt=5.848701e-05
elapsed=3.591057e+02 cycle=331 time=1.937717e-02 dt=5.848682e-05
elapsed=3.600521e+02 cycle=332 time=1.943566e-02 dt=5.848665e-05
elapsed=3.610185e+02 cycle=333 time=1.949415e-02 dt=5.848647e-05
elapsed=3.619653e+02 cycle=334 time=1.955263e-02 dt=5.848630e-05
elapsed=3.629138e+02 cycle=335 time=1.961112e-02 dt=5.848613e-05
elapsed=3.638623e+02 cycle=336 time=1.966961e-02 dt=5.848596e-05
elapsed=3.648126e+02 cycle=337 time=1.972809e-02 dt=5.848579e-05
elapsed=3.657610e+02 cycle=338 time=1.978658e-02 dt=5.848562e-05
elapsed=3.667219e+02 cycle=339 time=1.984506e-02 dt=5.848544e-05
elapsed=3.676717e+02 cycle=340 time=1.990355e-02 dt=5.848525e-05
elapsed=3.686191e+02 cycle=341 time=1.996204e-02 dt=5.848507e-05
elapsed=3.889355e+02 cycle=342 time=2.002052e-02 dt=5.848489e-05
elapsed=3.898848e+02 cycle=343 time=2.007901e-02 dt=5.848472e-05
elapsed=3.908316e+02 cycle=344 time=2.013749e-02 dt=5.848456e-05
elapsed=3.917800e+02 cycle=345 time=2.019597e-02 dt=5.848440e-05
elapsed=3.927270e+02 cycle=346 time=2.025446e-02 dt=5.848424e-05
elapsed=3.936768e+02 cycle=347 time=2.031294e-02 dt=5.848408e-05
elapsed=3.946241e+02 cycle=348 time=2.037143e-02 dt=5.848392e-05
elapsed=3.955727e+02 cycle=349 time=2.042991e-02 dt=5.848376e-05
elapsed=3.965220e+02 cycle=350 time=2.048839e-02 dt=5.848357e-05
elapsed=3.974705e+02 cycle=351 time=2.054688e-02 dt=5.848338e-05
elapsed=3.984168e+02 cycle=352 time=2.060536e-02 dt=5.848318e-05
elapsed=3.993637e+02 cycle=353 time=2.066384e-02 dt=5.848298e-05
elapsed=4.003238e+02 cycle=354 time=2.072233e-02 dt=5.848278e-05
elapsed=4.012751e+02 cycle=355 time=2.078081e-02 dt=5.848257e-05
elapsed=4.022245e+02 cycle=356 time=2.083929e-02 dt=5.848236e-05
elapsed=4.031717e+02 cycle=357 time=2.089778e-02 dt=5.848217e-05
elapsed=4.041189e+02 cycle=358 time=2.095626e-02 dt=5.848199e-05
elapsed=4.050693e+02 cycle=359 time=2.101474e-02 dt=5.848149e-05
elapsed=4.060179e+02 cycle=360 time=2.107322e-02 dt=5.848093e-05
elapsed=4.069831e+02 cycle=361 time=2.113170e-02 dt=5.848036e-05
elapsed=4.079317e+02 cycle=362 time=2.119018e-02 dt=5.847979e-05
elapsed=4.088788e+02 cycle=363 time=2.124866e-02 dt=5.847922e-05
elapsed=4.098278e+02 cycle=364 time=2.130714e-02 dt=5.847864e-05
elapsed=4.107760e+02 cycle=365 time=2.136562e-02 dt=5.847806e-05
elapsed=4.117241e+02 cycle=366 time=2.142410e-02 dt=5.847748e-05
elapsed=4.126714e+02 cycle=367 time=2.148258e-02 dt=5.847689e-05
elapsed=4.136195e+02 cycle=368 time=2.154105e-02 dt=5.847631e-05
elapsed=4.145682e+02 cycle=369 time=2.159953e-02 dt=5.847573e-05
elapsed=4.155170e+02 cycle=370 time=2.165800e-02 dt=5.847515e-05
elapsed=4.164655e+02 cycle=371 time=2.171648e-02 dt=5.847456e-05
elapsed=4.174313e+02 cycle=372 time=2.177495e-02 dt=5.847398e-05
elapsed=4.183791e+02 cycle=373 time=2.183343e-02 dt=5.847340e-05
elapsed=4.193294e+02 cycle=374 time=2.189190e-02 dt=5.847281e-05
elapsed=4.202764e+02 cycle=375 time=2.195037e-02 dt=5.847222e-05
elapsed=4.212258e+02 cycle=376 time=2.200885e-02 dt=5.847163e-05
elapsed=4.221920e+02 cycle=377 time=2.206732e-02 dt=5.847104e-05
elapsed=4.231414e+02 cycle=378 time=2.212579e-02 dt=5.847044e-05
elapsed=4.240912e+02 cycle=379 time=2.218426e-02 dt=5.846985e-05
elapsed=4.250383e+02 cycle=380 time=2.224273e-02 dt=5.846925e-05
elapsed=4.259853e+02 cycle=381 time=2.230120e-02 dt=5.846864e-05
elapsed=4.269344e+02 cycle=382 time=2.235967e-02 dt=5.846802e-05
elapsed=4.278827e+02 cycle=383 time=2.241814e-02 dt=5.846743e-05
elapsed=4.288297e+02 cycle=384 time=2.247660e-02 dt=5.846683e-05
elapsed=4.297770e+02 cycle=385 time=2.253507e-02 dt=5.846625e-05
elapsed=4.307266e+02 cycle=386 time=2.259354e-02 dt=5.846566e-05
elapsed=4.316734e+02 cycle=387 time=2.265200e-02 dt=5.846506e-05
elapsed=4.326216e+02 cycle=388 time=2.271047e-02 dt=5.846445e-05
elapsed=4.335685e+02 cycle=389 time=2.276893e-02 dt=5.846385e-05
elapsed=4.345159e+02 cycle=390 time=2.282740e-02 dt=5.846325e-05
elapsed=4.354758e+02 cycle=391 time=2.288586e-02 dt=5.846265e-05
elapsed=4.365671e+02 cycle=392 time=2.294432e-02 dt=5.846205e-05
elapsed=4.375173e+02 cycle=393 time=2.300278e-02 dt=5.846146e-05
elapsed=4.384640e+02 cycle=394 time=2.306124e-02 dt=5.846086e-05
elapsed=4.394133e+02 cycle=395 time=2.311971e-02 dt=5.846026e-05
elapsed=4.403615e+02 cycle=396 time=2.317817e-02 dt=5.845966e-05
elapsed=4.413099e+02 cycle=397 time=2.323663e-02 dt=5.845906e-05
elapsed=4.422585e+02 cycle=398 time=2.329508e-02 dt=5.845846e-05
elapsed=4.432076e+02 cycle=399 time=2.335354e-02 dt=5.845785e-05
elapsed=4.441543e+02 cycle=400 time=2.341200e-02 dt=5.845723e-05
elapsed=4.451024e+02 cycle=401 time=2.347046e-02 dt=5.845662e-05
elapsed=4.460510e+02 cycle=402 time=2.352891e-02 dt=5.845600e-05
elapsed=4.470116e+02 cycle=403 time=2.358737e-02 dt=5.845538e-05
elapsed=4.479580e+02 cycle=404 time=2.364583e-02 dt=5.845476e-05
elapsed=4.489068e+02 cycle=405 time=2.370428e-02 dt=5.845414e-05
elapsed=4.498694e+02 cycle=406 time=2.376273e-02 dt=5.845351e-05
elapsed=4.508150e+02 cycle=407 time=2.382119e-02 dt=5.845288e-05
elapsed=4.517623e+02 cycle=408 time=2.387964e-02 dt=5.845224e-05
elapsed=4.527106e+02 cycle=409 time=2.393809e-02 dt=5.845161e-05
elapsed=4.536600e+02 cycle=410 time=2.399655e-02 dt=5.845097e-05
elapsed=4.546094e+02 cycle=411 time=2.405500e-02 dt=5.845034e-05
elapsed=4.555586e+02 cycle=412 time=2.411345e-02 dt=5.844971e-05
elapsed=4.565253e+02 cycle=413 time=2.417190e-02 dt=5.844909e-05
elapsed=4.574739e+02 cycle=414 time=2.423035e-02 dt=5.844845e-05
elapsed=4.584226e+02 cycle=415 time=2.428879e-02 dt=5.844780e-05
elapsed=4.593699e+02 cycle=416 time=2.434724e-02 dt=5.844715e-05
elapsed=4.603179e+02 cycle=417 time=2.440569e-02 dt=5.844649e-05
elapsed=4.612659e+02 cycle=418 time=2.446414e-02 dt=5.844584e-05
elapsed=4.622146e+02 cycle=419 time=2.452258e-02 dt=5.844518e-05
elapsed=4.631621e+02 cycle=420 time=2.458103e-02 dt=5.844454e-05
elapsed=4.641090e+02 cycle=421 time=2.463947e-02 dt=5.844391e-05
elapsed=4.650588e+02 cycle=422 time=2.469791e-02 dt=5.844329e-05
elapsed=4.660067e+02 cycle=423 time=2.475636e-02 dt=5.844268e-05
elapsed=4.669536e+02 cycle=424 time=2.481480e-02 dt=5.844206e-05
elapsed=4.679026e+02 cycle=425 time=2.487324e-02 dt=5.844145e-05
elapsed=4.688483e+02 cycle=426 time=2.493168e-02 dt=5.844083e-05
elapsed=4.697951e+02 cycle=427 time=2.499012e-02 dt=5.844021e-05
elapsed=4.707598e+02 cycle=428 time=2.504857e-02 dt=5.843959e-05
elapsed=4.717202e+02 cycle=429 time=2.510700e-02 dt=5.843897e-05
elapsed=4.726860e+02 cycle=430 time=2.516544e-02 dt=5.843835e-05
elapsed=4.736345e+02 cycle=431 time=2.522388e-02 dt=5.843773e-05
elapsed=4.745828e+02 cycle=432 time=2.528232e-02 dt=5.843711e-05
elapsed=4.755485e+02 cycle=433 time=2.534076e-02 dt=5.843652e-05
elapsed=4.764963e+02 cycle=434 time=2.539919e-02 dt=5.843596e-05
elapsed=4.774574e+02 cycle=435 time=2.545763e-02 dt=5.843541e-05
elapsed=4.784018e+02 cycle=436 time=2.551606e-02 dt=5.843488e-05
elapsed=4.793491e+02 cycle=437 time=2.557450e-02 dt=5.843436e-05
elapsed=4.802972e+02 cycle=438 time=2.563293e-02 dt=5.843384e-05
elapsed=4.812461e+02 cycle=439 time=2.569137e-02 dt=5.843332e-05
elapsed=4.821937e+02 cycle=440 time=2.574980e-02 dt=5.843281e-05
elapsed=4.831418e+02 cycle=441 time=2.580823e-02 dt=5.843229e-05
elapsed=4.840896e+02 cycle=442 time=2.586667e-02 dt=5.843177e-05
elapsed=4.850376e+02 cycle=443 time=2.592510e-02 dt=5.843125e-05
elapsed=4.859836e+02 cycle=444 time=2.598353e-02 dt=5.843073e-05
elapsed=4.869327e+02 cycle=445 time=2.604196e-02 dt=5.843021e-05
elapsed=4.878813e+02 cycle=446 time=2.610039e-02 dt=5.842969e-05
elapsed=4.888296e+02 cycle=447 time=2.615882e-02 dt=5.842917e-05
elapsed=4.897794e+02 cycle=448 time=2.621725e-02 dt=5.842865e-05
elapsed=4.907273e+02 cycle=449 time=2.627568e-02 dt=5.842813e-05
elapsed=4.917043e+02 cycle=450 time=2.633411e-02 dt=5.842762e-05
elapsed=4.926521e+02 cycle=451 time=2.639253e-02 dt=5.842712e-05
elapsed=4.936182e+02 cycle=452 time=2.645096e-02 dt=5.842662e-05
elapsed=4.945974e+02 cycle=453 time=2.650939e-02 dt=5.842613e-05
elapsed=4.955475e+02 cycle=454 time=2.656781e-02 dt=5.842563e-05
elapsed=4.964962e+02 cycle=455 time=2.662624e-02 dt=5.842513e-05
elapsed=4.974416e+02 cycle=456 time=2.668466e-02 dt=5.842463e-05
elapsed=4.983893e+02 cycle=457 time=2.674309e-02 dt=5.842414e-05
elapsed=4.993384e+02 cycle=458 time=2.680151e-02 dt=5.842366e-05
elapsed=5.003048e+02 cycle=459 time=2.685994e-02 dt=5.842318e-05
elapsed=5.012703e+02 cycle=460 time=2.691836e-02 dt=5.842271e-05
elapsed=5.022297e+02 cycle=461 time=2.697678e-02 dt=5.842226e-05
elapsed=5.031768e+02 cycle=462 time=2.703520e-02 dt=5.842180e-05
elapsed=5.041220e+02 cycle=463 time=2.709363e-02 dt=5.842134e-05
elapsed=5.050682e+02 cycle=464 time=2.715205e-02 dt=5.842087e-05
elapsed=5.060157e+02 cycle=465 time=2.721047e-02 dt=5.842041e-05
elapsed=5.069649e+02 cycle=466 time=2.726889e-02 dt=5.841995e-05
elapsed=5.079126e+02 cycle=467 time=2.732731e-02 dt=5.841949e-05
elapsed=5.088576e+02 cycle=468 time=2.738573e-02 dt=5.841904e-05
elapsed=5.098070e+02 cycle=469 time=2.744415e-02 dt=5.841859e-05
elapsed=5.107536e+02 cycle=470 time=2.750257e-02 dt=5.841814e-05
elapsed=5.117028e+02 cycle=471 time=2.756098e-02 dt=5.841767e-05
elapsed=5.126494e+02 cycle=472 time=2.761940e-02 dt=5.841721e-05
elapsed=5.135983e+02 cycle=473 time=2.767782e-02 dt=5.841674e-05
elapsed=5.145583e+02 cycle=474 time=2.773624e-02 dt=5.841627e-05
elapsed=5.155038e+02 cycle=475 time=2.779465e-02 dt=5.841582e-05
elapsed=5.164517e+02 cycle=476 time=2.785307e-02 dt=5.841536e-05
elapsed=5.174013e+02 cycle=477 time=2.791148e-02 dt=5.841488e-05
elapsed=5.183676e+02 cycle=478 time=2.796990e-02 dt=5.841441e-05
elapsed=5.193149e+02 cycle=479 time=2.802831e-02 dt=5.841392e-05
elapsed=5.202629e+02 cycle=480 time=2.808673e-02 dt=5.841345e-05
elapsed=5.212111e+02 cycle=481 time=2.814514e-02 dt=5.841296e-05
elapsed=5.221605e+02 cycle=482 time=2.820355e-02 dt=5.841247e-05
elapsed=5.231094e+02 cycle=483 time=2.826197e-02 dt=5.841198e-05
elapsed=5.240574e+02 cycle=484 time=2.832038e-02 dt=5.841149e-05
elapsed=5.250048e+02 cycle=485 time=2.837879e-02 dt=5.841098e-05
elapsed=5.259530e+02 cycle=486 time=2.843720e-02 dt=5.841048e-05
elapsed=5.269131e+02 cycle=487 time=2.849561e-02 dt=5.840999e-05
elapsed=5.278610e+02 cycle=488 time=2.855402e-02 dt=5.840949e-05
elapsed=5.288076e+02 cycle=489 time=2.861243e-02 dt=5.840899e-05
elapsed=5.297547e+02 cycle=490 time=2.867084e-02 dt=5.840850e-05
elapsed=5.307047e+02 cycle=491 time=2.872925e-02 dt=5.840800e-05
elapsed=5.316543e+02 cycle=492 time=2.878766e-02 dt=5.840752e-05
elapsed=5.326024e+02 cycle=493 time=2.884606e-02 dt=5.840706e-05
elapsed=5.335507e+02 cycle=494 time=2.890447e-02 dt=5.840660e-05
elapsed=5.344987e+02 cycle=495 time=2.896288e-02 dt=5.840614e-05
elapsed=5.354448e+02 cycle=496 time=2.902128e-02 dt=5.840567e-05
elapsed=5.363937e+02 cycle=497 time=2.907969e-02 dt=5.840520e-05
elapsed=5.373401e+02 cycle=498 time=2.913809e-02 dt=5.840474e-05
elapsed=5.382876e+02 cycle=499 time=2.919650e-02 dt=5.840427e-05
elapsed=5.392359e+02 cycle=500 time=2.925490e-02 dt=5.840380e-05
elapsed=5.401840e+02 cycle=501 time=2.931331e-02 dt=5.840333e-05
elapsed=5.411319e+02 cycle=502 time=2.937171e-02 dt=5.840286e-05
elapsed=5.420813e+02 cycle=503 time=2.943011e-02 dt=5.840239e-05
elapsed=5.430277e+02 cycle=504 time=2.948852e-02 dt=5.840192e-05
elapsed=5.439752e+02 cycle=505 time=2.954692e-02 dt=5.840145e-05
elapsed=5.449242e+02 cycle=506 time=2.960532e-02 dt=5.840099e-05
elapsed=5.458723e+02 cycle=507 time=2.966372e-02 dt=5.840052e-05
elapsed=5.468315e+02 cycle=508 time=2.972212e-02 dt=5.840005e-05
elapsed=5.477807e+02 cycle=509 time=2.978052e-02 dt=5.839959e-05
elapsed=5.487290e+02 cycle=510 time=2.983892e-02 dt=5.839911e-05
elapsed=5.496899e+02 cycle=511 time=2.989732e-02 dt=5.839864e-05
elapsed=5.506542e+02 cycle=512 time=2.995572e-02 dt=5.839818e-05
elapsed=5.700797e+02 cycle=513 time=3.001412e-02 dt=5.839772e-05
elapsed=5.710479e+02 cycle=514 time=3.007251e-02 dt=5.839726e-05
elapsed=5.719940e+02 cycle=515 time=3.013091e-02 dt=5.839680e-05
elapsed=5.729720e+02 cycle=516 time=3.018931e-02 dt=5.839633e-05
elapsed=5.739182e+02 cycle=517 time=3.024770e-02 dt=5.839586e-05
elapsed=5.748791e+02 cycle=518 time=3.030610e-02 dt=5.839540e-05
elapsed=5.758280e+02 cycle=519 time=3.036449e-02 dt=5.839494e-05
elapsed=5.767744e+02 cycle=520 time=3.042289e-02 dt=5.839448e-05
elapsed=5.777216e+02 cycle=521 time=3.048128e-02 dt=5.839401e-05
elapsed=5.786699e+02 cycle=522 time=3.053968e-02 dt=5.839355e-05
elapsed=5.796179e+02 cycle=523 time=3.059807e-02 dt=5.839310e-05
elapsed=5.805673e+02 cycle=524 time=3.065646e-02 dt=5.839264e-05
elapsed=5.815140e+02 cycle=525 time=3.071486e-02 dt=5.839218e-05
elapsed=5.824609e+02 cycle=526 time=3.077325e-02 dt=5.839173e-05
elapsed=5.834080e+02 cycle=527 time=3.083164e-02 dt=5.839130e-05
elapsed=5.843548e+02 cycle=528 time=3.089003e-02 dt=5.839088e-05
elapsed=5.853030e+02 cycle=529 time=3.094842e-02 dt=5.839045e-05
elapsed=5.862521e+02 cycle=530 time=3.100681e-02 dt=5.839004e-05
elapsed=5.872022e+02 cycle=531 time=3.106520e-02 dt=5.838964e-05
elapsed=5.881502e+02 cycle=532 time=3.112359e-02 dt=5.838921e-05
elapsed=5.890971e+02 cycle=533 time=3.118198e-02 dt=5.838877e-05
elapsed=5.900443e+02 cycle=534 time=3.124037e-02 dt=5.838833e-05
elapsed=5.909924e+02 cycle=535 time=3.129876e-02 dt=5.838789e-05
elapsed=5.919398e+02 cycle=536 time=3.135715e-02 dt=5.838744e-05
elapsed=5.929057e+02 cycle=537 time=3.141554e-02 dt=5.838698e-05
elapsed=5.938546e+02 cycle=538 time=3.147392e-02 dt=5.838652e-05
elapsed=5.948027e+02 cycle=539 time=3.153231e-02 dt=5.838605e-05
elapsed=5.957682e+02 cycle=540 time=3.159070e-02 dt=5.838558e-05
elapsed=5.967293e+02 cycle=541 time=3.164908e-02 dt=5.838512e-05
elapsed=5.976768e+02 cycle=542 time=3.170747e-02 dt=5.838466e-05
elapsed=5.986240e+02 cycle=543 time=3.176585e-02 dt=5.838420e-05
elapsed=5.995718e+02 cycle=544 time=3.182423e-02 dt=5.838374e-05
elapsed=6.005206e+02 cycle=545 time=3.188262e-02 dt=5.838328e-05
elapsed=6.014880e+02 cycle=546 time=3.194100e-02 dt=5.838282e-05
elapsed=6.024483e+02 cycle=547 time=3.199938e-02 dt=5.838237e-05
elapsed=6.033961e+02 cycle=548 time=3.205777e-02 dt=5.838191e-05
elapsed=6.043464e+02 cycle=549 time=3.211615e-02 dt=5.838147e-05
elapsed=6.052927e+02 cycle=550 time=3.217453e-02 dt=5.838102e-05
elapsed=6.062390e+02 cycle=551 time=3.223291e-02 dt=5.838057e-05
elapsed=6.071888e+02 cycle=552 time=3.229129e-02 dt=5.838014e-05
elapsed=6.081367e+02 cycle=553 time=3.234967e-02 dt=5.837971e-05
elapsed=6.090839e+02 cycle=554 time=3.240805e-02 dt=5.837928e-05
elapsed=6.100315e+02 cycle=555 time=3.246643e-02 dt=5.837884e-05
elapsed=6.109774e+02 cycle=556 time=3.252481e-02 dt=5.837839e-05
elapsed=6.119242e+02 cycle=557 time=3.258319e-02 dt=5.837794e-05
elapsed=6.128735e+02 cycle=558 time=3.264157e-02 dt=5.837750e-05
elapsed=6.138384e+02 cycle=559 time=3.269994e-02 dt=5.837706e-05
elapsed=6.147857e+02 cycle=560 time=3.275832e-02 dt=5.837663e-05
elapsed=6.157341e+02 cycle=561 time=3.281670e-02 dt=5.837621e-05
elapsed=6.166818e+02 cycle=562 time=3.287507e-02 dt=5.837581e-05
elapsed=6.176425e+02 cycle=563 time=3.293345e-02 dt=5.837540e-05
elapsed=6.185902e+02 cycle=564 time=3.299182e-02 dt=5.837499e-05
elapsed=6.195392e+02 cycle=565 time=3.305020e-02 dt=5.837456e-05
elapsed=6.204887e+02 cycle=566 time=3.310857e-02 dt=5.837414e-05
elapsed=6.215826e+02 cycle=567 time=3.316695e-02 dt=5.837370e-05
elapsed=6.225291e+02 cycle=568 time=3.322532e-02 dt=5.837326e-05
elapsed=6.234786e+02 cycle=569 time=3.328370e-02 dt=5.837283e-05
elapsed=6.244248e+02 cycle=570 time=3.334207e-02 dt=5.837240e-05
elapsed=6.253832e+02 cycle=571 time=3.340044e-02 dt=5.837199e-05
elapsed=6.263320e+02 cycle=572 time=3.345881e-02 dt=5.837158e-05
elapsed=6.272972e+02 cycle=573 time=3.351718e-02 dt=5.837117e-05
elapsed=6.282452e+02 cycle=574 time=3.357556e-02 dt=5.837078e-05
elapsed=6.291943e+02 cycle=575 time=3.363393e-02 dt=5.837039e-05
elapsed=6.301429e+02 cycle=576 time=3.369230e-02 dt=5.837000e-05
elapsed=6.310890e+02 cycle=577 time=3.375067e-02 dt=5.836960e-05
elapsed=6.320361e+02 cycle=578 time=3.380904e-02 dt=5.836920e-05
elapsed=6.329831e+02 cycle=579 time=3.386741e-02 dt=5.836880e-05
elapsed=6.339444e+02 cycle=580 time=3.392577e-02 dt=5.836840e-05
elapsed=6.348904e+02 cycle=581 time=3.398414e-02 dt=5.836799e-05
elapsed=6.358560e+02 cycle=582 time=3.404251e-02 dt=5.836757e-05
elapsed=6.368048e+02 cycle=583 time=3.410088e-02 dt=5.836716e-05
elapsed=6.377541e+02 cycle=584 time=3.415925e-02 dt=5.836674e-05
elapsed=6.386995e+02 cycle=585 time=3.421761e-02 dt=5.836632e-05
elapsed=6.396647e+02 cycle=586 time=3.427598e-02 dt=5.836590e-05
elapsed=6.406260e+02 cycle=587 time=3.433434e-02 dt=5.836550e-05
elapsed=6.415755e+02 cycle=588 time=3.439271e-02 dt=5.836511e-05
elapsed=6.425242e+02 cycle=589 time=3.445107e-02 dt=5.836473e-05
elapsed=6.434711e+02 cycle=590 time=3.450944e-02 dt=5.836437e-05
elapsed=6.444203e+02 cycle=591 time=3.456780e-02 dt=5.836401e-05
elapsed=6.453880e+02 cycle=592 time=3.462617e-02 dt=5.836364e-05
elapsed=6.463333e+02 cycle=593 time=3.468453e-02 dt=5.836330e-05
elapsed=6.472797e+02 cycle=594 time=3.474289e-02 dt=5.836296e-05
elapsed=6.482278e+02 cycle=595 time=3.480126e-02 dt=5.836263e-05
elapsed=6.491765e+02 cycle=596 time=3.485962e-02 dt=5.836228e-05
elapsed=6.501243e+02 cycle=597 time=3.491798e-02 dt=5.836194e-05
elapsed=6.510752e+02 cycle=598 time=3.497634e-02 dt=5.836159e-05
elapsed=6.520229e+02 cycle=599 time=3.503471e-02 dt=5.836124e-05
elapsed=6.529705e+02 cycle=600 time=3.509307e-02 dt=5.836089e-05
elapsed=6.539168e+02 cycle=601 time=3.515143e-02 dt=5.836055e-05
elapsed=6.548650e+02 cycle=602 time=3.520979e-02 dt=5.836022e-05
elapsed=6.558121e+02 cycle=603 time=3.526815e-02 dt=5.835989e-05
elapsed=6.567600e+02 cycle=604 time=3.532651e-02 dt=5.835956e-05
elapsed=6.577064e+02 cycle=605 time=3.538487e-02 dt=5.835923e-05
elapsed=6.586532e+02 cycle=606 time=3.544323e-02 dt=5.835890e-05
elapsed=6.596008e+02 cycle=607 time=3.550159e-02 dt=5.835857e-05
elapsed=6.605472e+02 cycle=608 time=3.555995e-02 dt=5.835823e-05
elapsed=6.615124e+02 cycle=609 time=3.561830e-02 dt=5.835789e-05
elapsed=6.624730e+02 cycle=610 time=3.567666e-02 dt=5.835755e-05
elapsed=6.634204e+02 cycle=611 time=3.573502e-02 dt=5.835721e-05
elapsed=6.643643e+02 cycle=612 time=3.579338e-02 dt=5.835687e-05
elapsed=6.653138e+02 cycle=613 time=3.585173e-02 dt=5.835653e-05
elapsed=6.662799e+02 cycle=614 time=3.591009e-02 dt=5.835619e-05
elapsed=6.672462e+02 cycle=615 time=3.596845e-02 dt=5.835586e-05
elapsed=6.681966e+02 cycle=616 time=3.602680e-02 dt=5.835552e-05
elapsed=6.691462e+02 cycle=617 time=3.608516e-02 dt=5.835518e-05
elapsed=6.701129e+02 cycle=618 time=3.614351e-02 dt=5.835483e-05
elapsed=6.710611e+02 cycle=619 time=3.620187e-02 dt=5.835448e-05
elapsed=6.720091e+02 cycle=620 time=3.626022e-02 dt=5.835412e-05
elapsed=6.729597e+02 cycle=621 time=3.631858e-02 dt=5.835378e-05
elapsed=6.739095e+02 cycle=622 time=3.637693e-02 dt=5.835344e-05
elapsed=6.748583e+02 cycle=623 time=3.643528e-02 dt=5.835309e-05
elapsed=6.758066e+02 cycle=624 time=3.649364e-02 dt=5.835275e-05
elapsed=6.767539e+02 cycle=625 time=3.655199e-02 dt=5.835242e-05
elapsed=6.777141e+02 cycle=626 time=3.661034e-02 dt=5.835209e-05
elapsed=6.786613e+02 cycle=627 time=3.666869e-02 dt=5.835176e-05
elapsed=6.796084e+02 cycle=628 time=3.672704e-02 dt=5.835144e-05
elapsed=6.805571e+02 cycle=629 time=3.678540e-02 dt=5.835112e-05
elapsed=6.815038e+02 cycle=630 time=3.684375e-02 dt=5.835079e-05
elapsed=6.824522e+02 cycle=631 time=3.690210e-02 dt=5.835046e-05
elapsed=6.834022e+02 cycle=632 time=3.696045e-02 dt=5.835014e-05
elapsed=6.843505e+02 cycle=633 time=3.701880e-02 dt=5.834981e-05
elapsed=6.852987e+02 cycle=634 time=3.707715e-02 dt=5.834949e-05
elapsed=6.862463e+02 cycle=635 time=3.713550e-02 dt=5.834917e-05
elapsed=6.871942e+02 cycle=636 time=3.719385e-02 dt=5.834885e-05
elapsed=6.881410e+02 cycle=637 time=3.725220e-02 dt=5.834853e-05
elapsed=6.890910e+02 cycle=638 time=3.731054e-02 dt=5.834821e-05
elapsed=6.900395e+02 cycle=639 time=3.736889e-02 dt=5.834790e-05
elapsed=6.909880e+02 cycle=640 time=3.742724e-02 dt=5.834758e-05
elapsed=6.919355e+02 cycle=641 time=3.748559e-02 dt=5.834726e-05
elapsed=6.928831e+02 cycle=642 time=3.754394e-02 dt=5.834693e-05
elapsed=6.938293e+02 cycle=643 time=3.760228e-02 dt=5.834660e-05
elapsed=6.947766e+02 cycle=644 time=3.766063e-02 dt=5.834627e-05
elapsed=6.957241e+02 cycle=645 time=3.771898e-02 dt=5.834596e-05
elapsed=6.966736e+02 cycle=646 time=3.777732e-02 dt=5.834567e-05
elapsed=6.977681e+02 cycle=647 time=3.783567e-02 dt=5.834538e-05
elapsed=6.987272e+02 cycle=648 time=3.789401e-02 dt=5.834509e-05
elapsed=6.996756e+02 cycle=649 time=3.795236e-02 dt=5.834479e-05
elapsed=7.006238e+02 cycle=650 time=3.801070e-02 dt=5.834451e-05
elapsed=7.015716e+02 cycle=651 time=3.806905e-02 dt=5.834425e-05
elapsed=7.025192e+02 cycle=652 time=3.812739e-02 dt=5.834399e-05
elapsed=7.034667e+02 cycle=653 time=3.818574e-02 dt=5.834374e-05
elapsed=7.044161e+02 cycle=654 time=3.824408e-02 dt=5.834349e-05
elapsed=7.053631e+02 cycle=655 time=3.830242e-02 dt=5.834323e-05
elapsed=7.063135e+02 cycle=656 time=3.836077e-02 dt=5.834297e-05
elapsed=7.072750e+02 cycle=657 time=3.841911e-02 dt=5.834271e-05
elapsed=7.082256e+02 cycle=658 time=3.847745e-02 dt=5.834244e-05
elapsed=7.091735e+02 cycle=659 time=3.853579e-02 dt=5.834217e-05
elapsed=7.101224e+02 cycle=660 time=3.859414e-02 dt=5.834192e-05
elapsed=7.110720e+02 cycle=661 time=3.865248e-02 dt=5.834166e-05
elapsed=7.120205e+02 cycle=662 time=3.871082e-02 dt=5.834141e-05
elapsed=7.129670e+02 cycle=663 time=3.876916e-02 dt=5.834116e-05
elapsed=7.139444e+02 cycle=664 time=3.882750e-02 dt=5.834090e-05
elapsed=7.148940e+02 cycle=665 time=3.888584e-02 dt=5.834065e-05
elapsed=7.158427e+02 cycle=666 time=3.894418e-02 dt=5.834039e-05
elapsed=7.167908e+02 cycle=667 time=3.900252e-02 dt=5.834013e-05
elapsed=7.177394e+02 cycle=668 time=3.906086e-02 dt=5.833987e-05
elapsed=7.187043e+02 cycle=669 time=3.911920e-02 dt=5.833961e-05
elapsed=7.196509e+02 cycle=670 time=3.917754e-02 dt=5.833936e-05
elapsed=7.206135e+02 cycle=671 time=3.923588e-02 dt=5.833912e-05
elapsed=7.215620e+02 cycle=672 time=3.929422e-02 dt=5.833889e-05
elapsed=7.225094e+02 cycle=673 time=3.935256e-02 dt=5.833866e-05
elapsed=7.234562e+02 cycle=674 time=3.941090e-02 dt=5.833842e-05
elapsed=7.244018e+02 cycle=675 time=3.946924e-02 dt=5.833818e-05
elapsed=7.253512e+02 cycle=676 time=3.952758e-02 dt=5.833794e-05
elapsed=7.263007e+02 cycle=677 time=3.958591e-02 dt=5.833770e-05
elapsed=7.272476e+02 cycle=678 time=3.964425e-02 dt=5.833746e-05
elapsed=7.281944e+02 cycle=679 time=3.970259e-02 dt=5.833721e-05
elapsed=7.291422e+02 cycle=680 time=3.976093e-02 dt=5.833697e-05
elapsed=7.300918e+02 cycle=681 time=3.981926e-02 dt=5.833672e-05
elapsed=7.310397e+02 cycle=682 time=3.987760e-02 dt=5.833647e-05
elapsed=7.319872e+02 cycle=683 time=3.993594e-02 dt=5.833622e-05
elapsed=7.329341e+02 cycle=684 time=3.999427e-02 dt=5.833597e-05
elapsed=7.523769e+02 cycle=685 time=4.005261e-02 dt=5.833571e-05
elapsed=7.533234e+02 cycle=686 time=4.011094e-02 dt=5.833546e-05
elapsed=7.544140e+02 cycle=687 time=4.016928e-02 dt=5.833522e-05
elapsed=7.553634e+02 cycle=688 time=4.022762e-02 dt=5.833496e-05
elapsed=7.563152e+02 cycle=689 time=4.028595e-02 dt=5.833471e-05
elapsed=7.572644e+02 cycle=690 time=4.034428e-02 dt=5.833448e-05
elapsed=7.582124e+02 cycle=691 time=4.040262e-02 dt=5.833426e-05
elapsed=7.591738e+02 cycle=692 time=4.046095e-02 dt=5.833365e-05
elapsed=7.601208e+02 cycle=693 time=4.051929e-02 dt=5.833292e-05
elapsed=7.610690e+02 cycle=694 time=4.057762e-02 dt=5.833219e-05
elapsed=7.620337e+02 cycle=695 time=4.063595e-02 dt=5.833144e-05
elapsed=7.629818e+02 cycle=696 time=4.069428e-02 dt=5.833067e-05
elapsed=7.639302e+02 cycle=697 time=4.075261e-02 dt=5.832991e-05
elapsed=7.648770e+02 cycle=698 time=4.081094e-02 dt=5.832916e-05
elapsed=7.658245e+02 cycle=699 time=4.086927e-02 dt=5.832843e-05
elapsed=7.667734e+02 cycle=700 time=4.092760e-02 dt=5.832770e-05
elapsed=7.677216e+02 cycle=701 time=4.098593e-02 dt=5.832696e-05
elapsed=7.686705e+02 cycle=702 time=4.104426e-02 dt=5.832623e-05
elapsed=7.696175e+02 cycle=703 time=4.110258e-02 dt=5.832550e-05
elapsed=7.705654e+02 cycle=704 time=4.116091e-02 dt=5.832477e-05
elapsed=7.715126e+02 cycle=705 time=4.121923e-02 dt=5.832404e-05
elapsed=7.724779e+02 cycle=706 time=4.127756e-02 dt=5.832331e-05
elapsed=7.734255e+02 cycle=707 time=4.133588e-02 dt=5.832259e-05
elapsed=7.743720e+02 cycle=708 time=4.139420e-02 dt=5.832190e-05
elapsed=7.753211e+02 cycle=709 time=4.145253e-02 dt=5.832120e-05
elapsed=7.762829e+02 cycle=710 time=4.151085e-02 dt=5.832052e-05
elapsed=7.772320e+02 cycle=711 time=4.156917e-02 dt=5.831983e-05
elapsed=7.781807e+02 cycle=712 time=4.162749e-02 dt=5.831912e-05
elapsed=7.791281e+02 cycle=713 time=4.168581e-02 dt=5.831841e-05
elapsed=7.800755e+02 cycle=714 time=4.174412e-02 dt=5.831770e-05
elapsed=7.810238e+02 cycle=715 time=4.180244e-02 dt=5.831701e-05
elapsed=7.819687e+02 cycle=716 time=4.186076e-02 dt=5.831631e-05
elapsed=7.829326e+02 cycle=717 time=4.191908e-02 dt=5.831562e-05
elapsed=7.838800e+02 cycle=718 time=4.197739e-02 dt=5.831492e-05
elapsed=7.848274e+02 cycle=719 time=4.203571e-02 dt=5.831420e-05
elapsed=7.857765e+02 cycle=720 time=4.209402e-02 dt=5.831349e-05
elapsed=7.867247e+02 cycle=721 time=4.215233e-02 dt=5.831277e-05
elapsed=7.876720e+02 cycle=722 time=4.221065e-02 dt=5.831206e-05
elapsed=7.886209e+02 cycle=723 time=4.226896e-02 dt=5.831135e-05
elapsed=7.895867e+02 cycle=724 time=4.232727e-02 dt=5.831065e-05
elapsed=7.905362e+02 cycle=725 time=4.238558e-02 dt=5.830995e-05
elapsed=7.914844e+02 cycle=726 time=4.244389e-02 dt=5.830926e-05
elapsed=7.924314e+02 cycle=727 time=4.250220e-02 dt=5.830857e-05
elapsed=7.933951e+02 cycle=728 time=4.256051e-02 dt=5.830789e-05
elapsed=7.943420e+02 cycle=729 time=4.261882e-02 dt=5.830723e-05
elapsed=7.952893e+02 cycle=730 time=4.267712e-02 dt=5.830657e-05
elapsed=7.962383e+02 cycle=731 time=4.273543e-02 dt=5.830591e-05
elapsed=7.971855e+02 cycle=732 time=4.279374e-02 dt=5.830526e-05
elapsed=7.981322e+02 cycle=733 time=4.285204e-02 dt=5.830461e-05
elapsed=7.990827e+02 cycle=734 time=4.291035e-02 dt=5.830397e-05
elapsed=8.000289e+02 cycle=735 time=4.296865e-02 dt=5.830332e-05
elapsed=8.009760e+02 cycle=736 time=4.302695e-02 dt=5.830267e-05
elapsed=8.019363e+02 cycle=737 time=4.308526e-02 dt=5.830201e-05
elapsed=8.028852e+02 cycle=738 time=4.314356e-02 dt=5.830135e-05
elapsed=8.038338e+02 cycle=739 time=4.320186e-02 dt=5.830069e-05
elapsed=8.047820e+02 cycle=740 time=4.326016e-02 dt=5.830003e-05
elapsed=8.057295e+02 cycle=741 time=4.331846e-02 dt=5.829937e-05
elapsed=8.066793e+02 cycle=742 time=4.337676e-02 dt=5.829871e-05
elapsed=8.076264e+02 cycle=743 time=4.343506e-02 dt=5.829807e-05
elapsed=8.085912e+02 cycle=744 time=4.349336e-02 dt=5.829744e-05
elapsed=8.095577e+02 cycle=745 time=4.355165e-02 dt=5.829682e-05
elapsed=8.105039e+02 cycle=746 time=4.360995e-02 dt=5.829620e-05
elapsed=8.114511e+02 cycle=747 time=4.366825e-02 dt=5.829559e-05
elapsed=8.124004e+02 cycle=748 time=4.372654e-02 dt=5.829497e-05
elapsed=8.133480e+02 cycle=749 time=4.378484e-02 dt=5.829436e-05
elapsed=8.142943e+02 cycle=750 time=4.384313e-02 dt=5.829375e-05
elapsed=8.152404e+02 cycle=751 time=4.390142e-02 dt=5.829314e-05
elapsed=8.161879e+02 cycle=752 time=4.395972e-02 dt=5.829252e-05
elapsed=8.171366e+02 cycle=753 time=4.401801e-02 dt=5.829188e-05
elapsed=8.180855e+02 cycle=754 time=4.407630e-02 dt=5.829125e-05
elapsed=8.190334e+02 cycle=755 time=4.413459e-02 dt=5.829061e-05
elapsed=8.199843e+02 cycle=756 time=4.419288e-02 dt=5.828998e-05
elapsed=8.209307e+02 cycle=757 time=4.425117e-02 dt=5.828934e-05
elapsed=8.218792e+02 cycle=758 time=4.430946e-02 dt=5.828870e-05
elapsed=8.228283e+02 cycle=759 time=4.436775e-02 dt=5.828807e-05
elapsed=8.237782e+02 cycle=760 time=4.442604e-02 dt=5.828745e-05
elapsed=8.247258e+02 cycle=761 time=4.448433e-02 dt=5.828680e-05
elapsed=8.256736e+02 cycle=762 time=4.454261e-02 dt=5.828615e-05
elapsed=8.266234e+02 cycle=763 time=4.460090e-02 dt=5.828549e-05
elapsed=8.275712e+02 cycle=764 time=4.465919e-02 dt=5.828482e-05
elapsed=8.285168e+02 cycle=765 time=4.471747e-02 dt=5.828414e-05
elapsed=8.294641e+02 cycle=766 time=4.477576e-02 dt=5.828347e-05
elapsed=8.304110e+02 cycle=767 time=4.483404e-02 dt=5.828280e-05
elapsed=8.313593e+02 cycle=768 time=4.489232e-02 dt=5.828213e-05
elapsed=8.323044e+02 cycle=769 time=4.495060e-02 dt=5.828147e-05
elapsed=8.332674e+02 cycle=770 time=4.500889e-02 dt=5.828081e-05
elapsed=8.342177e+02 cycle=771 time=4.506717e-02 dt=5.828015e-05
elapsed=8.351786e+02 cycle=772 time=4.512545e-02 dt=5.827950e-05
elapsed=8.361253e+02 cycle=773 time=4.518373e-02 dt=5.827889e-05
elapsed=8.370742e+02 cycle=774 time=4.524200e-02 dt=5.827831e-05
elapsed=8.380384e+02 cycle=775 time=4.530028e-02 dt=5.827777e-05
elapsed=8.389884e+02 cycle=776 time=4.535856e-02 dt=5.827723e-05
elapsed=8.399347e+02 cycle=777 time=4.541684e-02 dt=5.827670e-05
elapsed=8.408813e+02 cycle=778 time=4.547511e-02 dt=5.827615e-05
elapsed=8.418291e+02 cycle=779 time=4.553339e-02 dt=5.827560e-05
elapsed=8.428076e+02 cycle=780 time=4.559167e-02 dt=5.827504e-05
elapsed=8.437557e+02 cycle=781 time=4.564994e-02 dt=5.827449e-05
elapsed=8.447020e+02 cycle=782 time=4.570822e-02 dt=5.827394e-05
elapsed=8.456515e+02 cycle=783 time=4.576649e-02 dt=5.827338e-05
elapsed=8.466006e+02 cycle=784 time=4.582476e-02 dt=5.827282e-05
elapsed=8.475618e+02 cycle=785 time=4.588304e-02 dt=5.827226e-05
elapsed=8.485114e+02 cycle=786 time=4.594131e-02 dt=5.827170e-05
elapsed=8.494610e+02 cycle=787 time=4.599958e-02 dt=5.827113e-05
elapsed=8.504076e+02 cycle=788 time=4.605785e-02 dt=5.827053e-05
elapsed=8.513552e+02 cycle=789 time=4.611612e-02 dt=5.826991e-05
elapsed=8.523015e+02 cycle=790 time=4.617439e-02 dt=5.826929e-05
elapsed=8.532501e+02 cycle=791 time=4.623266e-02 dt=5.826867e-05
elapsed=8.542006e+02 cycle=792 time=4.629093e-02 dt=5.826805e-05
elapsed=8.551466e+02 cycle=793 time=4.634920e-02 dt=5.826743e-05
elapsed=8.561080e+02 cycle=794 time=4.640746e-02 dt=5.826681e-05
elapsed=8.570550e+02 cycle=795 time=4.646573e-02 dt=5.826619e-05
elapsed=8.580062e+02 cycle=796 time=4.652400e-02 dt=5.826558e-05
elapsed=8.589555e+02 cycle=797 time=4.658226e-02 dt=5.826499e-05
elapsed=8.599037e+02 cycle=798 time=4.664053e-02 dt=5.826440e-05
elapsed=8.608519e+02 cycle=799 time=4.669879e-02 dt=5.826381e-05
elapsed=8.617987e+02 cycle=800 time=4.675706e-02 dt=5.826323e-05
elapsed=8.627644e+02 cycle=801 time=4.681532e-02 dt=5.826265e-05
elapsed=8.637105e+02 cycle=802 time=4.687358e-02 dt=5.826208e-05
elapsed=8.646583e+02 cycle=803 time=4.693184e-02 dt=5.826150e-05
elapsed=8.656091e+02 cycle=804 time=4.699011e-02 dt=5.826092e-05
elapsed=8.665583e+02 cycle=805 time=4.704837e-02 dt=5.826033e-05
elapsed=8.675061e+02 cycle=806 time=4.710663e-02 dt=5.825974e-05
elapsed=8.684543e+02 cycle=807 time=4.716489e-02 dt=5.825917e-05
elapsed=8.694211e+02 cycle=808 time=4.722315e-02 dt=5.825862e-05
elapsed=8.703862e+02 cycle=809 time=4.728140e-02 dt=5.825810e-05
elapsed=8.713506e+02 cycle=810 time=4.733966e-02 dt=5.825759e-05
elapsed=8.723002e+02 cycle=811 time=4.739792e-02 dt=5.825710e-05
elapsed=8.732467e+02 cycle=812 time=4.745618e-02 dt=5.825661e-05
elapsed=8.741953e+02 cycle=813 time=4.751443e-02 dt=5.825611e-05
elapsed=8.751450e+02 cycle=814 time=4.757269e-02 dt=5.825561e-05
elapsed=8.761049e+02 cycle=815 time=4.763095e-02 dt=5.825511e-05
elapsed=8.770548e+02 cycle=816 time=4.768920e-02 dt=5.825462e-05
elapsed=8.780023e+02 cycle=817 time=4.774746e-02 dt=5.825412e-05
elapsed=8.789471e+02 cycle=818 time=4.780571e-02 dt=5.825362e-05
elapsed=8.798948e+02 cycle=819 time=4.786396e-02 dt=5.825311e-05
elapsed=8.808556e+02 cycle=820 time=4.792222e-02 dt=5.825261e-05
elapsed=8.818056e+02 cycle=821 time=4.798047e-02 dt=5.825211e-05
elapsed=8.827557e+02 cycle=822 time=4.803872e-02 dt=5.825163e-05
elapsed=8.837049e+02 cycle=823 time=4.809697e-02 dt=5.825115e-05
elapsed=8.846501e+02 cycle=824 time=4.815522e-02 dt=5.825067e-05
elapsed=8.855972e+02 cycle=825 time=4.821347e-02 dt=5.825019e-05
elapsed=8.865439e+02 cycle=826 time=4.827172e-02 dt=5.824972e-05
elapsed=8.874924e+02 cycle=827 time=4.832997e-02 dt=5.824925e-05
elapsed=8.884578e+02 cycle=828 time=4.838822e-02 dt=5.824880e-05
elapsed=8.894062e+02 cycle=829 time=4.844647e-02 dt=5.824836e-05
elapsed=8.903515e+02 cycle=830 time=4.850472e-02 dt=5.824790e-05
elapsed=8.913126e+02 cycle=831 time=4.856297e-02 dt=5.824743e-05
elapsed=8.922617e+02 cycle=832 time=4.862122e-02 dt=5.824697e-05
elapsed=8.932085e+02 cycle=833 time=4.867946e-02 dt=5.824651e-05
elapsed=8.941572e+02 cycle=834 time=4.873771e-02 dt=5.824605e-05
elapsed=8.951348e+02 cycle=835 time=4.879596e-02 dt=5.824557e-05
elapsed=8.960829e+02 cycle=836 time=4.885420e-02 dt=5.824512e-05
elapsed=8.970306e+02 cycle=837 time=4.891245e-02 dt=5.824467e-05
elapsed=8.979784e+02 cycle=838 time=4.897069e-02 dt=5.824425e-05
elapsed=8.989270e+02 cycle=839 time=4.902894e-02 dt=5.824385e-05
elapsed=8.998761e+02 cycle=840 time=4.908718e-02 dt=5.824344e-05
elapsed=9.008252e+02 cycle=841 time=4.914542e-02 dt=5.824304e-05
elapsed=9.017896e+02 cycle=842 time=4.920367e-02 dt=5.824264e-05
elapsed=9.027381e+02 cycle=843 time=4.926191e-02 dt=5.824224e-05
elapsed=9.036867e+02 cycle=844 time=4.932015e-02 dt=5.824184e-05
elapsed=9.046338e+02 cycle=845 time=4.937839e-02 dt=5.824144e-05
elapsed=9.055798e+02 cycle=846 time=4.943663e-02 dt=5.824104e-05
elapsed=9.065281e+02 cycle=847 time=4.949488e-02 dt=5.824064e-05
elapsed=9.074773e+02 cycle=848 time=4.955312e-02 dt=5.824027e-05
elapsed=9.084250e+02 cycle=849 time=4.961136e-02 dt=5.823992e-05
elapsed=9.093719e+02 cycle=850 time=4.966960e-02 dt=5.823958e-05
elapsed=9.103182e+02 cycle=851 time=4.972784e-02 dt=5.823923e-05
elapsed=9.112681e+02 cycle=852 time=4.978607e-02 dt=5.823888e-05
elapsed=9.122172e+02 cycle=853 time=4.984431e-02 dt=5.823853e-05
elapsed=9.131779e+02 cycle=854 time=4.990255e-02 dt=5.823819e-05
elapsed=9.141386e+02 cycle=855 time=4.996079e-02 dt=5.823785e-05
elapsed=9.332956e+02 cycle=856 time=5.001903e-02 dt=5.823753e-05
elapsed=9.342449e+02 cycle=857 time=5.007727e-02 dt=5.823720e-05
elapsed=9.351918e+02 cycle=858 time=5.013550e-02 dt=5.823687e-05
elapsed=9.361392e+02 cycle=859 time=5.019374e-02 dt=5.823655e-05
elapsed=9.370879e+02 cycle=860 time=5.025198e-02 dt=5.823624e-05
elapsed=9.380351e+02 cycle=861 time=5.031021e-02 dt=5.823592e-05
elapsed=9.389810e+02 cycle=862 time=5.036845e-02 dt=5.823564e-05
elapsed=9.399294e+02 cycle=863 time=5.042668e-02 dt=5.823537e-05
elapsed=9.408899e+02 cycle=864 time=5.048492e-02 dt=5.823510e-05
elapsed=9.418373e+02 cycle=865 time=5.054315e-02 dt=5.823483e-05
elapsed=9.427858e+02 cycle=866 time=5.060139e-02 dt=5.823456e-05
elapsed=9.437333e+02 cycle=867 time=5.065962e-02 dt=5.823428e-05
elapsed=9.446799e+02 cycle=868 time=5.071786e-02 dt=5.823402e-05
elapsed=9.456260e+02 cycle=869 time=5.077609e-02 dt=5.823376e-05
elapsed=9.465723e+02 cycle=870 time=5.083433e-02 dt=5.823350e-05
elapsed=9.475198e+02 cycle=871 time=5.089256e-02 dt=5.823304e-05
elapsed=9.484661e+02 cycle=872 time=5.095079e-02 dt=5.823224e-05
elapsed=9.494143e+02 cycle=873 time=5.100902e-02 dt=5.823144e-05
elapsed=9.503849e+02 cycle=874 time=5.106726e-02 dt=5.823064e-05
elapsed=9.513327e+02 cycle=875 time=5.112549e-02 dt=5.822983e-05
elapsed=9.522831e+02 cycle=876 time=5.118372e-02 dt=5.822903e-05
elapsed=9.532488e+02 cycle=877 time=5.124195e-02 dt=5.822824e-05
elapsed=9.541969e+02 cycle=878 time=5.130017e-02 dt=5.822745e-05
elapsed=9.551573e+02 cycle=879 time=5.135840e-02 dt=5.822668e-05
elapsed=9.561189e+02 cycle=880 time=5.141663e-02 dt=5.822589e-05
elapsed=9.570830e+02 cycle=881 time=5.147485e-02 dt=5.822511e-05
elapsed=9.580313e+02 cycle=882 time=5.153308e-02 dt=5.822433e-05
elapsed=9.589786e+02 cycle=883 time=5.159130e-02 dt=5.822356e-05
elapsed=9.599250e+02 cycle=884 time=5.164953e-02 dt=5.822278e-05
elapsed=9.608708e+02 cycle=885 time=5.170775e-02 dt=5.822199e-05
elapsed=9.618184e+02 cycle=886 time=5.176597e-02 dt=5.822119e-05
elapsed=9.627861e+02 cycle=887 time=5.182419e-02 dt=5.822039e-05
elapsed=9.637373e+02 cycle=888 time=5.188241e-02 dt=5.821958e-05
elapsed=9.646844e+02 cycle=889 time=5.194063e-02 dt=5.821877e-05
elapsed=9.656341e+02 cycle=890 time=5.199885e-02 dt=5.821795e-05
elapsed=9.665834e+02 cycle=891 time=5.205707e-02 dt=5.821713e-05
elapsed=9.675491e+02 cycle=892 time=5.211529e-02 dt=5.821631e-05
elapsed=9.684965e+02 cycle=893 time=5.217350e-02 dt=5.821549e-05
elapsed=9.694439e+02 cycle=894 time=5.223172e-02 dt=5.821467e-05
elapsed=9.704086e+02 cycle=895 time=5.228993e-02 dt=5.821386e-05
elapsed=9.713554e+02 cycle=896 time=5.234815e-02 dt=5.821305e-05
elapsed=9.723037e+02 cycle=897 time=5.240636e-02 dt=5.821223e-05
elapsed=9.732686e+02 cycle=898 time=5.246457e-02 dt=5.821142e-05
elapsed=9.742155e+02 cycle=899 time=5.252278e-02 dt=5.821064e-05
elapsed=9.751624e+02 cycle=900 time=5.258099e-02 dt=5.820988e-05
elapsed=9.761110e+02 cycle=901 time=5.263920e-02 dt=5.820913e-05
elapsed=9.770556e+02 cycle=902 time=5.269741e-02 dt=5.820837e-05
elapsed=9.780050e+02 cycle=903 time=5.275562e-02 dt=5.820761e-05
elapsed=9.789509e+02 cycle=904 time=5.281383e-02 dt=5.820686e-05
elapsed=9.798969e+02 cycle=905 time=5.287204e-02 dt=5.820611e-05
elapsed=9.808445e+02 cycle=906 time=5.293024e-02 dt=5.820537e-05
elapsed=9.817939e+02 cycle=907 time=5.298845e-02 dt=5.820462e-05
elapsed=9.827434e+02 cycle=908 time=5.304665e-02 dt=5.820388e-05
elapsed=9.836927e+02 cycle=909 time=5.310486e-02 dt=5.820313e-05
elapsed=9.846528e+02 cycle=910 time=5.316306e-02 dt=5.820240e-05
elapsed=9.856016e+02 cycle=911 time=5.322126e-02 dt=5.820168e-05
elapsed=9.865496e+02 cycle=912 time=5.327946e-02 dt=5.820098e-05
elapsed=9.874989e+02 cycle=913 time=5.333766e-02 dt=5.820026e-05
elapsed=9.884477e+02 cycle=914 time=5.339586e-02 dt=5.819953e-05
elapsed=9.893955e+02 cycle=915 time=5.345406e-02 dt=5.819878e-05
elapsed=9.903432e+02 cycle=916 time=5.351226e-02 dt=5.819802e-05
elapsed=9.912914e+02 cycle=917 time=5.357046e-02 dt=5.819727e-05
elapsed=9.922380e+02 cycle=918 time=5.362866e-02 dt=5.819654e-05
elapsed=9.931866e+02 cycle=919 time=5.368685e-02 dt=5.819580e-05
elapsed=9.941358e+02 cycle=920 time=5.374505e-02 dt=5.819506e-05
elapsed=9.950834e+02 cycle=921 time=5.380325e-02 dt=5.819432e-05
elapsed=9.960333e+02 cycle=922 time=5.386144e-02 dt=5.819357e-05
elapsed=9.969785e+02 cycle=923 time=5.391963e-02 dt=5.819282e-05
elapsed=9.979270e+02 cycle=924 time=5.397783e-02 dt=5.819206e-05
elapsed=9.988916e+02 cycle=925 time=5.403602e-02 dt=5.819131e-05
elapsed=9.998561e+02 cycle=926 time=5.409421e-02 dt=5.819055e-05
elapsed=1.000803e+03 cycle=927 time=5.415240e-02 dt=5.818979e-05
elapsed=1.001769e+03 cycle=928 time=5.421059e-02 dt=5.818900e-05
elapsed=1.002716e+03 cycle=929 time=5.426878e-02 dt=5.818821e-05
elapsed=1.003665e+03 cycle=930 time=5.432697e-02 dt=5.818741e-05
elapsed=1.004613e+03 cycle=931 time=5.438515e-02 dt=5.818662e-05
elapsed=1.005560e+03 cycle=932 time=5.444334e-02 dt=5.818582e-05
elapsed=1.006509e+03 cycle=933 time=5.450153e-02 dt=5.818501e-05
elapsed=1.007455e+03 cycle=934 time=5.455971e-02 dt=5.818421e-05
elapsed=1.008402e+03 cycle=935 time=5.461790e-02 dt=5.818343e-05
elapsed=1.009370e+03 cycle=936 time=5.467608e-02 dt=5.818266e-05
elapsed=1.010316e+03 cycle=937 time=5.473426e-02 dt=5.818189e-05
elapsed=1.011264e+03 cycle=938 time=5.479244e-02 dt=5.818111e-05
elapsed=1.012230e+03 cycle=939 time=5.485063e-02 dt=5.818033e-05
elapsed=1.013196e+03 cycle=940 time=5.490881e-02 dt=5.817955e-05
elapsed=1.014144e+03 cycle=941 time=5.496699e-02 dt=5.817876e-05
elapsed=1.015091e+03 cycle=942 time=5.502516e-02 dt=5.817798e-05
elapsed=1.016039e+03 cycle=943 time=5.508334e-02 dt=5.817720e-05
elapsed=1.016986e+03 cycle=944 time=5.514152e-02 dt=5.817643e-05
elapsed=1.017934e+03 cycle=945 time=5.519970e-02 dt=5.817567e-05
elapsed=1.018882e+03 cycle=946 time=5.525787e-02 dt=5.817491e-05
elapsed=1.019829e+03 cycle=947 time=5.531605e-02 dt=5.817415e-05
elapsed=1.020775e+03 cycle=948 time=5.537422e-02 dt=5.817340e-05
elapsed=1.021722e+03 cycle=949 time=5.543239e-02 dt=5.817267e-05
elapsed=1.022668e+03 cycle=950 time=5.549057e-02 dt=5.817194e-05
elapsed=1.023616e+03 cycle=951 time=5.554874e-02 dt=5.817121e-05
elapsed=1.024580e+03 cycle=952 time=5.560691e-02 dt=5.817048e-05
elapsed=1.025540e+03 cycle=953 time=5.566508e-02 dt=5.816976e-05
elapsed=1.026488e+03 cycle=954 time=5.572325e-02 dt=5.816903e-05
elapsed=1.027437e+03 cycle=955 time=5.578142e-02 dt=5.816832e-05
elapsed=1.028383e+03 cycle=956 time=5.583959e-02 dt=5.816762e-05
elapsed=1.029332e+03 cycle=957 time=5.589775e-02 dt=5.816691e-05
elapsed=1.030278e+03 cycle=958 time=5.595592e-02 dt=5.816621e-05
elapsed=1.031228e+03 cycle=959 time=5.601409e-02 dt=5.816550e-05
elapsed=1.032175e+03 cycle=960 time=5.607225e-02 dt=5.816480e-05
elapsed=1.033120e+03 cycle=961 time=5.613042e-02 dt=5.816411e-05
elapsed=1.034069e+03 cycle=962 time=5.618858e-02 dt=5.816341e-05
elapsed=1.035018e+03 cycle=963 time=5.624675e-02 dt=5.816271e-05
elapsed=1.035979e+03 cycle=964 time=5.630491e-02 dt=5.816199e-05
elapsed=1.036929e+03 cycle=965 time=5.636307e-02 dt=5.816127e-05
elapsed=1.037877e+03 cycle=966 time=5.642123e-02 dt=5.816055e-05
elapsed=1.038825e+03 cycle=967 time=5.647939e-02 dt=5.815984e-05
elapsed=1.039772e+03 cycle=968 time=5.653755e-02 dt=5.815913e-05
elapsed=1.040719e+03 cycle=969 time=5.659571e-02 dt=5.815842e-05
elapsed=1.041667e+03 cycle=970 time=5.665387e-02 dt=5.815770e-05
elapsed=1.042632e+03 cycle=971 time=5.671203e-02 dt=5.815699e-05
elapsed=1.043581e+03 cycle=972 time=5.677018e-02 dt=5.815628e-05
elapsed=1.044547e+03 cycle=973 time=5.682834e-02 dt=5.815556e-05
elapsed=1.045496e+03 cycle=974 time=5.688650e-02 dt=5.815486e-05
elapsed=1.046444e+03 cycle=975 time=5.694465e-02 dt=5.815416e-05
elapsed=1.047408e+03 cycle=976 time=5.700281e-02 dt=5.815346e-05
elapsed=1.048355e+03 cycle=977 time=5.706096e-02 dt=5.815277e-05
elapsed=1.049305e+03 cycle=978 time=5.711911e-02 dt=5.815208e-05
elapsed=1.050253e+03 cycle=979 time=5.717726e-02 dt=5.815140e-05
elapsed=1.051201e+03 cycle=980 time=5.723542e-02 dt=5.815073e-05
elapsed=1.052165e+03 cycle=981 time=5.729357e-02 dt=5.815009e-05
elapsed=1.053111e+03 cycle=982 time=5.735172e-02 dt=5.814945e-05
elapsed=1.054059e+03 cycle=983 time=5.740987e-02 dt=5.814881e-05
elapsed=1.055008e+03 cycle=984 time=5.746801e-02 dt=5.814818e-05
elapsed=1.055959e+03 cycle=985 time=5.752616e-02 dt=5.814755e-05
elapsed=1.057054e+03 cycle=986 time=5.758431e-02 dt=5.814693e-05
elapsed=1.058001e+03 cycle=987 time=5.764246e-02 dt=5.814630e-05
elapsed=1.058949e+03 cycle=988 time=5.770060e-02 dt=5.814568e-05
elapsed=1.059898e+03 cycle=989 time=5.775875e-02 dt=5.814505e-05
elapsed=1.060848e+03 cycle=990 time=5.781689e-02 dt=5.814441e-05
elapsed=1.061797e+03 cycle=991 time=5.787504e-02 dt=5.814377e-05
elapsed=1.062758e+03 cycle=992 time=5.793318e-02 dt=5.814314e-05
elapsed=1.063707e+03 cycle=993 time=5.799133e-02 dt=5.814251e-05
elapsed=1.064652e+03 cycle=994 time=5.804947e-02 dt=5.814188e-05
elapsed=1.065598e+03 cycle=995 time=5.810761e-02 dt=5.814126e-05
elapsed=1.066547e+03 cycle=996 time=5.816575e-02 dt=5.814065e-05
elapsed=1.067495e+03 cycle=997 time=5.822389e-02 dt=5.814003e-05
elapsed=1.068461e+03 cycle=998 time=5.828203e-02 dt=5.813941e-05
elapsed=1.069407e+03 cycle=999 time=5.834017e-02 dt=5.813878e-05
elapsed=1.070353e+03 cycle=1000 time=5.839831e-02 dt=5.813814e-05
elapsed=1.071302e+03 cycle=1001 time=5.845645e-02 dt=5.813751e-05
elapsed=1.072250e+03 cycle=1002 time=5.851459e-02 dt=5.813689e-05
elapsed=1.073217e+03 cycle=1003 time=5.857272e-02 dt=5.813628e-05
elapsed=1.074167e+03 cycle=1004 time=5.863086e-02 dt=5.813567e-05
elapsed=1.075115e+03 cycle=1005 time=5.868899e-02 dt=5.813505e-05
elapsed=1.076063e+03 cycle=1006 time=5.874713e-02 dt=5.813444e-05
elapsed=1.077011e+03 cycle=1007 time=5.880526e-02 dt=5.813384e-05
elapsed=1.077961e+03 cycle=1008 time=5.886340e-02 dt=5.813324e-05
elapsed=1.078926e+03 cycle=1009 time=5.892153e-02 dt=5.813264e-05
elapsed=1.079886e+03 cycle=1010 time=5.897966e-02 dt=5.813206e-05
elapsed=1.080837e+03 cycle=1011 time=5.903780e-02 dt=5.813149e-05
elapsed=1.081814e+03 cycle=1012 time=5.909593e-02 dt=5.813092e-05
elapsed=1.082759e+03 cycle=1013 time=5.915406e-02 dt=5.813035e-05
elapsed=1.083707e+03 cycle=1014 time=5.921219e-02 dt=5.812978e-05
elapsed=1.084656e+03 cycle=1015 time=5.927032e-02 dt=5.812922e-05
elapsed=1.085603e+03 cycle=1016 time=5.932845e-02 dt=5.812869e-05
elapsed=1.086554e+03 cycle=1017 time=5.938658e-02 dt=5.812817e-05
elapsed=1.087500e+03 cycle=1018 time=5.944470e-02 dt=5.812765e-05
elapsed=1.088449e+03 cycle=1019 time=5.950283e-02 dt=5.812712e-05
elapsed=1.089396e+03 cycle=1020 time=5.956096e-02 dt=5.812659e-05
elapsed=1.090363e+03 cycle=1021 time=5.961909e-02 dt=5.812605e-05
elapsed=1.091312e+03 cycle=1022 time=5.967721e-02 dt=5.812552e-05
elapsed=1.092258e+03 cycle=1023 time=5.973534e-02 dt=5.812502e-05
elapsed=1.093219e+03 cycle=1024 time=5.979346e-02 dt=5.812452e-05
elapsed=1.094170e+03 cycle=1025 time=5.985159e-02 dt=5.812403e-05
elapsed=1.095115e+03 cycle=1026 time=5.990971e-02 dt=5.812353e-05
elapsed=1.096064e+03 cycle=1027 time=5.996783e-02 dt=5.812304e-05
elapsed=1.115655e+03 cycle=1028 time=6.002596e-02 dt=5.812255e-05
elapsed=1.116602e+03 cycle=1029 time=6.008408e-02 dt=5.812206e-05
elapsed=1.117550e+03 cycle=1030 time=6.014220e-02 dt=5.812157e-05
elapsed=1.118527e+03 cycle=1031 time=6.020032e-02 dt=5.812108e-05
elapsed=1.119476e+03 cycle=1032 time=6.025844e-02 dt=5.812058e-05
elapsed=1.120425e+03 cycle=1033 time=6.031656e-02 dt=5.812008e-05
elapsed=1.121372e+03 cycle=1034 time=6.037469e-02 dt=5.811958e-05
elapsed=1.122320e+03 cycle=1035 time=6.043280e-02 dt=5.811908e-05
elapsed=1.123269e+03 cycle=1036 time=6.049092e-02 dt=5.811856e-05
elapsed=1.124234e+03 cycle=1037 time=6.054904e-02 dt=5.811805e-05
elapsed=1.125195e+03 cycle=1038 time=6.060716e-02 dt=5.811753e-05
elapsed=1.126144e+03 cycle=1039 time=6.066528e-02 dt=5.811702e-05
elapsed=1.127093e+03 cycle=1040 time=6.072339e-02 dt=5.811652e-05
elapsed=1.128071e+03 cycle=1041 time=6.078151e-02 dt=5.811605e-05
elapsed=1.129022e+03 cycle=1042 time=6.083963e-02 dt=5.811557e-05
elapsed=1.129981e+03 cycle=1043 time=6.089774e-02 dt=5.811509e-05
elapsed=1.130930e+03 cycle=1044 time=6.095586e-02 dt=5.811461e-05
elapsed=1.131890e+03 cycle=1045 time=6.101397e-02 dt=5.811413e-05
elapsed=1.132838e+03 cycle=1046 time=6.107209e-02 dt=5.811366e-05
elapsed=1.133786e+03 cycle=1047 time=6.113020e-02 dt=5.811320e-05
elapsed=1.134745e+03 cycle=1048 time=6.118831e-02 dt=5.811274e-05
elapsed=1.135694e+03 cycle=1049 time=6.124643e-02 dt=5.811228e-05
elapsed=1.136641e+03 cycle=1050 time=6.130454e-02 dt=5.811182e-05
elapsed=1.137590e+03 cycle=1051 time=6.136265e-02 dt=5.811136e-05
elapsed=1.138540e+03 cycle=1052 time=6.142076e-02 dt=5.811091e-05
elapsed=1.139485e+03 cycle=1053 time=6.147887e-02 dt=5.811047e-05
elapsed=1.140434e+03 cycle=1054 time=6.153698e-02 dt=5.811002e-05
elapsed=1.141399e+03 cycle=1055 time=6.159509e-02 dt=5.810957e-05
elapsed=1.142347e+03 cycle=1056 time=6.165320e-02 dt=5.810913e-05
elapsed=1.143296e+03 cycle=1057 time=6.171131e-02 dt=5.810868e-05
elapsed=1.144245e+03 cycle=1058 time=6.176942e-02 dt=5.810825e-05
elapsed=1.145194e+03 cycle=1059 time=6.182753e-02 dt=5.810783e-05
elapsed=1.146140e+03 cycle=1060 time=6.188564e-02 dt=5.810741e-05
elapsed=1.147105e+03 cycle=1061 time=6.194374e-02 dt=5.810699e-05
elapsed=1.148053e+03 cycle=1062 time=6.200185e-02 dt=5.810657e-05
elapsed=1.149001e+03 cycle=1063 time=6.205996e-02 dt=5.810616e-05
elapsed=1.149967e+03 cycle=1064 time=6.211806e-02 dt=5.810575e-05
elapsed=1.150917e+03 cycle=1065 time=6.217617e-02 dt=5.810535e-05
elapsed=1.151864e+03 cycle=1066 time=6.223427e-02 dt=5.810495e-05
elapsed=1.152813e+03 cycle=1067 time=6.229238e-02 dt=5.810454e-05
elapsed=1.153790e+03 cycle=1068 time=6.235048e-02 dt=5.810414e-05
elapsed=1.154737e+03 cycle=1069 time=6.240859e-02 dt=5.810377e-05
elapsed=1.155697e+03 cycle=1070 time=6.246669e-02 dt=5.810342e-05
elapsed=1.156789e+03 cycle=1071 time=6.252480e-02 dt=5.810306e-05
elapsed=1.157738e+03 cycle=1072 time=6.258290e-02 dt=5.810271e-05
elapsed=1.158830e+03 cycle=1073 time=6.264100e-02 dt=5.810235e-05
elapsed=1.159779e+03 cycle=1074 time=6.269910e-02 dt=5.810200e-05
elapsed=1.160728e+03 cycle=1075 time=6.275721e-02 dt=5.810165e-05
elapsed=1.161694e+03 cycle=1076 time=6.281531e-02 dt=5.810131e-05
elapsed=1.162643e+03 cycle=1077 time=6.287341e-02 dt=5.810097e-05
elapsed=1.163591e+03 cycle=1078 time=6.293151e-02 dt=5.810063e-05
elapsed=1.164682e+03 cycle=1079 time=6.298961e-02 dt=5.810028e-05
elapsed=1.165632e+03 cycle=1080 time=6.304771e-02 dt=5.809994e-05
elapsed=1.166594e+03 cycle=1081 time=6.310581e-02 dt=5.809961e-05
elapsed=1.167540e+03 cycle=1082 time=6.316391e-02 dt=5.809930e-05
elapsed=1.168488e+03 cycle=1083 time=6.322201e-02 dt=5.809899e-05
elapsed=1.169435e+03 cycle=1084 time=6.328011e-02 dt=5.809868e-05
elapsed=1.170384e+03 cycle=1085 time=6.333821e-02 dt=5.809837e-05
elapsed=1.171343e+03 cycle=1086 time=6.339631e-02 dt=5.809808e-05
elapsed=1.172293e+03 cycle=1087 time=6.345440e-02 dt=5.809779e-05
elapsed=1.173257e+03 cycle=1088 time=6.351250e-02 dt=5.809750e-05
elapsed=1.174205e+03 cycle=1089 time=6.357060e-02 dt=5.809722e-05
elapsed=1.175152e+03 cycle=1090 time=6.362870e-02 dt=5.809694e-05
elapsed=1.176112e+03 cycle=1091 time=6.368679e-02 dt=5.809667e-05
elapsed=1.177063e+03 cycle=1092 time=6.374489e-02 dt=5.809640e-05
elapsed=1.178010e+03 cycle=1093 time=6.380299e-02 dt=5.809613e-05
elapsed=1.178958e+03 cycle=1094 time=6.386108e-02 dt=5.809587e-05
elapsed=1.179905e+03 cycle=1095 time=6.391918e-02 dt=5.809561e-05
elapsed=1.180855e+03 cycle=1096 time=6.397727e-02 dt=5.809537e-05
elapsed=1.181803e+03 cycle=1097 time=6.403537e-02 dt=5.809512e-05
elapsed=1.182752e+03 cycle=1098 time=6.409346e-02 dt=5.809488e-05
elapsed=1.183714e+03 cycle=1099 time=6.415156e-02 dt=5.809463e-05
elapsed=1.184661e+03 cycle=1100 time=6.420965e-02 dt=5.809438e-05
elapsed=1.185611e+03 cycle=1101 time=6.426775e-02 dt=5.809413e-05
elapsed=1.186559e+03 cycle=1102 time=6.432584e-02 dt=5.809388e-05
elapsed=1.187505e+03 cycle=1103 time=6.438394e-02 dt=5.809363e-05
elapsed=1.188454e+03 cycle=1104 time=6.444203e-02 dt=5.809338e-05
elapsed=1.189402e+03 cycle=1105 time=6.450012e-02 dt=5.809312e-05
elapsed=1.190350e+03 cycle=1106 time=6.455822e-02 dt=5.809287e-05
elapsed=1.191298e+03 cycle=1107 time=6.461631e-02 dt=5.809263e-05
elapsed=1.192245e+03 cycle=1108 time=6.467440e-02 dt=5.809238e-05
elapsed=1.193190e+03 cycle=1109 time=6.473249e-02 dt=5.809213e-05
elapsed=1.194136e+03 cycle=1110 time=6.479059e-02 dt=5.809188e-05
elapsed=1.195101e+03 cycle=1111 time=6.484868e-02 dt=5.809163e-05
elapsed=1.196072e+03 cycle=1112 time=6.490677e-02 dt=5.809138e-05
elapsed=1.197021e+03 cycle=1113 time=6.496486e-02 dt=5.809114e-05
elapsed=1.197968e+03 cycle=1114 time=6.502295e-02 dt=5.809093e-05
elapsed=1.198946e+03 cycle=1115 time=6.508104e-02 dt=5.809072e-05
elapsed=1.199895e+03 cycle=1116 time=6.513913e-02 dt=5.809052e-05
elapsed=1.200844e+03 cycle=1117 time=6.519722e-02 dt=5.809031e-05
elapsed=1.201795e+03 cycle=1118 time=6.525531e-02 dt=5.809009e-05
elapsed=1.202742e+03 cycle=1119 time=6.531340e-02 dt=5.808988e-05
elapsed=1.203690e+03 cycle=1120 time=6.537149e-02 dt=5.808968e-05
elapsed=1.204639e+03 cycle=1121 time=6.542958e-02 dt=5.808948e-05
elapsed=1.205589e+03 cycle=1122 time=6.548767e-02 dt=5.808931e-05
elapsed=1.206537e+03 cycle=1123 time=6.554576e-02 dt=5.808914e-05
elapsed=1.207486e+03 cycle=1124 time=6.560385e-02 dt=5.808897e-05
elapsed=1.208453e+03 cycle=1125 time=6.566194e-02 dt=5.808880e-05
elapsed=1.209403e+03 cycle=1126 time=6.572003e-02 dt=5.808863e-05
elapsed=1.210349e+03 cycle=1127 time=6.577812e-02 dt=5.808846e-05
elapsed=1.211314e+03 cycle=1128 time=6.583621e-02 dt=5.808828e-05
elapsed=1.212261e+03 cycle=1129 time=6.589430e-02 dt=5.808810e-05
elapsed=1.213210e+03 cycle=1130 time=6.595238e-02 dt=5.808790e-05
elapsed=1.214157e+03 cycle=1131 time=6.601047e-02 dt=5.808770e-05
elapsed=1.215106e+03 cycle=1132 time=6.606856e-02 dt=5.808749e-05
elapsed=1.216072e+03 cycle=1133 time=6.612665e-02 dt=5.808726e-05
elapsed=1.217020e+03 cycle=1134 time=6.618473e-02 dt=5.808705e-05
elapsed=1.217966e+03 cycle=1135 time=6.624282e-02 dt=5.808683e-05
elapsed=1.218914e+03 cycle=1136 time=6.630091e-02 dt=5.808659e-05
elapsed=1.219879e+03 cycle=1137 time=6.635899e-02 dt=5.808636e-05
elapsed=1.220838e+03 cycle=1138 time=6.641708e-02 dt=5.808612e-05
elapsed=1.221785e+03 cycle=1139 time=6.647517e-02 dt=5.808587e-05
elapsed=1.222733e+03 cycle=1140 time=6.653325e-02 dt=5.808560e-05
elapsed=1.223681e+03 cycle=1141 time=6.659134e-02 dt=5.808532e-05
elapsed=1.224628e+03 cycle=1142 time=6.664942e-02 dt=5.808505e-05
elapsed=1.225578e+03 cycle=1143 time=6.670751e-02 dt=5.808479e-05
elapsed=1.226526e+03 cycle=1144 time=6.676559e-02 dt=5.808452e-05
elapsed=1.227472e+03 cycle=1145 time=6.682368e-02 dt=5.808425e-05
elapsed=1.228419e+03 cycle=1146 time=6.688176e-02 dt=5.808398e-05
elapsed=1.229368e+03 cycle=1147 time=6.693985e-02 dt=5.808374e-05
elapsed=1.230316e+03 cycle=1148 time=6.699793e-02 dt=5.808351e-05
elapsed=1.231265e+03 cycle=1149 time=6.705601e-02 dt=5.808330e-05
elapsed=1.232213e+03 cycle=1150 time=6.711410e-02 dt=5.808309e-05
elapsed=1.233161e+03 cycle=1151 time=6.717218e-02 dt=5.808289e-05
elapsed=1.234110e+03 cycle=1152 time=6.723026e-02 dt=5.808268e-05
elapsed=1.235056e+03 cycle=1153 time=6.728835e-02 dt=5.808247e-05
elapsed=1.236003e+03 cycle=1154 time=6.734643e-02 dt=5.808228e-05
elapsed=1.236949e+03 cycle=1155 time=6.740451e-02 dt=5.808209e-05
elapsed=1.237896e+03 cycle=1156 time=6.746259e-02 dt=5.808191e-05
elapsed=1.238847e+03 cycle=1157 time=6.752067e-02 dt=5.808173e-05
elapsed=1.239793e+03 cycle=1158 time=6.757876e-02 dt=5.808154e-05
elapsed=1.240741e+03 cycle=1159 time=6.763684e-02 dt=5.808136e-05
elapsed=1.241688e+03 cycle=1160 time=6.769492e-02 dt=5.808117e-05
elapsed=1.242637e+03 cycle=1161 time=6.775300e-02 dt=5.808096e-05
elapsed=1.243586e+03 cycle=1162 time=6.781108e-02 dt=5.808078e-05
elapsed=1.244552e+03 cycle=1163 time=6.786916e-02 dt=5.808059e-05
elapsed=1.245513e+03 cycle=1164 time=6.792724e-02 dt=5.808040e-05
elapsed=1.246478e+03 cycle=1165 time=6.798532e-02 dt=5.808021e-05
elapsed=1.247424e+03 cycle=1166 time=6.804340e-02 dt=5.808002e-05
elapsed=1.248372e+03 cycle=1167 time=6.810148e-02 dt=5.807984e-05
elapsed=1.249320e+03 cycle=1168 time=6.815956e-02 dt=5.807966e-05
elapsed=1.250268e+03 cycle=1169 time=6.821764e-02 dt=5.807948e-05
elapsed=1.251218e+03 cycle=1170 time=6.827572e-02 dt=5.807930e-05
elapsed=1.252169e+03 cycle=1171 time=6.833380e-02 dt=5.807913e-05
elapsed=1.253118e+03 cycle=1172 time=6.839188e-02 dt=5.807895e-05
elapsed=1.254084e+03 cycle=1173 time=6.844996e-02 dt=5.807878e-05
elapsed=1.255032e+03 cycle=1174 time=6.850804e-02 dt=5.807861e-05
elapsed=1.255979e+03 cycle=1175 time=6.856612e-02 dt=5.807844e-05
elapsed=1.256927e+03 cycle=1176 time=6.862420e-02 dt=5.807828e-05
elapsed=1.257875e+03 cycle=1177 time=6.868227e-02 dt=5.807810e-05
elapsed=1.258836e+03 cycle=1178 time=6.874035e-02 dt=5.807793e-05
elapsed=1.259783e+03 cycle=1179 time=6.879843e-02 dt=5.807776e-05
elapsed=1.260731e+03 cycle=1180 time=6.885651e-02 dt=5.807759e-05
elapsed=1.261697e+03 cycle=1181 time=6.891458e-02 dt=5.807743e-05
elapsed=1.262645e+03 cycle=1182 time=6.897266e-02 dt=5.807725e-05
elapsed=1.263594e+03 cycle=1183 time=6.903074e-02 dt=5.807707e-05
elapsed=1.264542e+03 cycle=1184 time=6.908882e-02 dt=5.807689e-05
elapsed=1.265491e+03 cycle=1185 time=6.914689e-02 dt=5.807671e-05
elapsed=1.266441e+03 cycle=1186 time=6.920497e-02 dt=5.807653e-05
elapsed=1.267388e+03 cycle=1187 time=6.926305e-02 dt=5.807633e-05
elapsed=1.268334e+03 cycle=1188 time=6.932112e-02 dt=5.807616e-05
elapsed=1.269283e+03 cycle=1189 time=6.937920e-02 dt=5.807601e-05
elapsed=1.270230e+03 cycle=1190 time=6.943728e-02 dt=5.807585e-05
elapsed=1.271179e+03 cycle=1191 time=6.949535e-02 dt=5.807570e-05
elapsed=1.272126e+03 cycle=1192 time=6.955343e-02 dt=5.807553e-05
elapsed=1.273088e+03 cycle=1193 time=6.961150e-02 dt=5.807535e-05
elapsed=1.274047e+03 cycle=1194 time=6.966958e-02 dt=5.807516e-05
elapsed=1.274992e+03 cycle=1195 time=6.972765e-02 dt=5.807499e-05
elapsed=1.275941e+03 cycle=1196 time=6.978573e-02 dt=5.807481e-05
elapsed=1.276923e+03 cycle=1197 time=6.984380e-02 dt=5.807463e-05
elapsed=1.277868e+03 cycle=1198 time=6.990188e-02 dt=5.807444e-05
elapsed=1.278835e+03 cycle=1199 time=6.995995e-02 dt=5.807424e-05
elapsed=1.297868e+03 cycle=1200 time=7.001803e-02 dt=5.807406e-05
elapsed=1.298817e+03 cycle=1201 time=7.007610e-02 dt=5.807389e-05
elapsed=1.299763e+03 cycle=1202 time=7.013417e-02 dt=5.807371e-05
elapsed=1.300710e+03 cycle=1203 time=7.019225e-02 dt=5.807351e-05
elapsed=1.301675e+03 cycle=1204 time=7.025032e-02 dt=5.807331e-05
elapsed=1.302637e+03 cycle=1205 time=7.030839e-02 dt=5.807311e-05
elapsed=1.303585e+03 cycle=1206 time=7.036647e-02 dt=5.807292e-05
elapsed=1.304553e+03 cycle=1207 time=7.042454e-02 dt=5.807275e-05
elapsed=1.305500e+03 cycle=1208 time=7.048261e-02 dt=5.807258e-05
elapsed=1.306447e+03 cycle=1209 time=7.054069e-02 dt=5.807241e-05
elapsed=1.307395e+03 cycle=1210 time=7.059876e-02 dt=5.807226e-05
elapsed=1.308345e+03 cycle=1211 time=7.065683e-02 dt=5.807210e-05
elapsed=1.309310e+03 cycle=1212 time=7.071490e-02 dt=5.807195e-05
elapsed=1.310274e+03 cycle=1213 time=7.077297e-02 dt=5.807180e-05
elapsed=1.311223e+03 cycle=1214 time=7.083105e-02 dt=5.807165e-05
elapsed=1.312171e+03 cycle=1215 time=7.088912e-02 dt=5.807150e-05
elapsed=1.313119e+03 cycle=1216 time=7.094719e-02 dt=5.807135e-05
elapsed=1.314068e+03 cycle=1217 time=7.100526e-02 dt=5.807119e-05
elapsed=1.315017e+03 cycle=1218 time=7.106333e-02 dt=5.807106e-05
elapsed=1.315963e+03 cycle=1219 time=7.112140e-02 dt=5.807094e-05
elapsed=1.316910e+03 cycle=1220 time=7.117947e-02 dt=5.807081e-05
elapsed=1.317859e+03 cycle=1221 time=7.123754e-02 dt=5.807068e-05
elapsed=1.318807e+03 cycle=1222 time=7.129562e-02 dt=5.807055e-05
elapsed=1.319753e+03 cycle=1223 time=7.135369e-02 dt=5.807042e-05
elapsed=1.320702e+03 cycle=1224 time=7.141176e-02 dt=5.807029e-05
elapsed=1.321649e+03 cycle=1225 time=7.146983e-02 dt=5.807017e-05
elapsed=1.322598e+03 cycle=1226 time=7.152790e-02 dt=5.807006e-05
elapsed=1.323547e+03 cycle=1227 time=7.158597e-02 dt=5.806995e-05
elapsed=1.324495e+03 cycle=1228 time=7.164404e-02 dt=5.806984e-05
elapsed=1.325440e+03 cycle=1229 time=7.170211e-02 dt=5.806972e-05
elapsed=1.326387e+03 cycle=1230 time=7.176018e-02 dt=5.806962e-05
elapsed=1.327335e+03 cycle=1231 time=7.181825e-02 dt=5.806951e-05
elapsed=1.328284e+03 cycle=1232 time=7.187632e-02 dt=5.806941e-05
elapsed=1.329231e+03 cycle=1233 time=7.193439e-02 dt=5.806930e-05
